BL51 BANKED LINKER/LOCATER V6.22                                                        03/30/2022  17:40:03  PAGE 1


BL51 BANKED LINKER/LOCATER V6.22, INVOKED BY:
E:\KEIL5\C51\BIN\BL51.EXE .\Objects\main.obj, .\Objects\wheel.obj, .\Objects\run.obj, .\Objects\Delay.obj, .\Objects\son
>> ar.obj TO .\Objects\USER PRINT (.\Listings\USER.m51) RAMSIZE (256)


MEMORY MODEL: SMALL WITH FLOATING POINT ARITHMETIC


INPUT MODULES INCLUDED:
  .\Objects\main.obj (MAIN)
  .\Objects\wheel.obj (WHEEL)
  .\Objects\run.obj (RUN)
  .\Objects\Delay.obj (DELAY)
  .\Objects\sonar.obj (SONAR)
  E:\KEIL5\C51\LIB\C51FPS.LIB (?C?FPMUL)
  E:\KEIL5\C51\LIB\C51FPS.LIB (?C?FPDIV)
  E:\KEIL5\C51\LIB\C51FPS.LIB (?C?FPCMP)
  E:\KEIL5\C51\LIB\C51FPS.LIB (?C?FCAST)
  E:\KEIL5\C51\LIB\C51FPS.LIB (?C?CASTF)
  E:\KEIL5\C51\LIB\C51FPS.LIB (?C?FPGETOPN)
  E:\KEIL5\C51\LIB\C51S.LIB (?C_STARTUP)
  E:\KEIL5\C51\LIB\C51S.LIB (?C?LNEG)


LINK MAP OF MODULE:  .\Objects\USER (MAIN)


            TYPE    BASE      LENGTH    RELOCATION   SEGMENT NAME
            -----------------------------------------------------

            * * * * * * *   D A T A   M E M O R Y   * * * * * * *
            REG     0000H     0008H     ABSOLUTE     "REG BANK 0"
            DATA    0008H     0006H     UNIT         ?DT?SONAR
            DATA    000EH     0002H     UNIT         ?DT?RUN
            IDATA   0010H     0001H     UNIT         ?STACK

            * * * * * * *   C O D E   M E M O R Y   * * * * * * *
            CODE    0000H     0003H     ABSOLUTE     
            CODE    0003H     0006H     UNIT         ?PR?DELAY15US?SONAR
                    0009H     0002H                  *** GAP ***
            CODE    000BH     0003H     ABSOLUTE     
            CODE    000EH     02ECH     UNIT         ?C?LIB_CODE
            CODE    02FAH     01A4H     UNIT         ?PR?SONAR?SONAR
            CODE    049EH     0034H     UNIT         ?PR?TIMER0_ROUTINE?RUN
            CODE    04D2H     0015H     UNIT         ?PR?_DELAY?DELAY
            CODE    04E7H     0014H     UNIT         ?PR?TIMER_INIT?RUN
            CODE    04FBH     000FH     UNIT         ?PR?CAR_GO?RUN
            CODE    050AH     000FH     UNIT         ?PR?CAR_BACK?RUN
            CODE    0519H     000FH     UNIT         ?PR?CAR_STOP?RUN
            CODE    0528H     000FH     UNIT         ?PR?CAR_LEFTGO?RUN
            CODE    0537H     000FH     UNIT         ?PR?CAR_RIGHTGO?RUN
            CODE    0546H     000FH     UNIT         ?PR?CAR_RIGHTBACK?RUN
            CODE    0555H     000FH     UNIT         ?PR?CAR_LEFTBACK?RUN
            CODE    0564H     000FH     UNIT         ?PR?CAR_LEFTSTOP?RUN
            CODE    0573H     000FH     UNIT         ?PR?CAR_RIGHTSTOP?RUN
            CODE    0582H     000CH     UNIT         ?C_C51STARTUP
            CODE    058EH     000BH     UNIT         ?PR?MAIN?MAIN
            CODE    0599H     0005H     UNIT         ?PR?LF_MOTOR_GO?WHEEL
BL51 BANKED LINKER/LOCATER V6.22                                                      03/30/2022  17:40:03  PAGE 2


            CODE    059EH     0005H     UNIT         ?PR?LF_MOTOR_STOP?WHEEL
            CODE    05A3H     0005H     UNIT         ?PR?LF_MOTOR_BACK?WHEEL
            CODE    05A8H     0005H     UNIT         ?PR?RF_MOTOR_GO?WHEEL
            CODE    05ADH     0005H     UNIT         ?PR?RF_MOTOR_STOP?WHEEL
            CODE    05B2H     0005H     UNIT         ?PR?RF_MOTOR_BACK?WHEEL
            CODE    05B7H     0005H     UNIT         ?PR?LR_MOTOR_GO?WHEEL
            CODE    05BCH     0005H     UNIT         ?PR?LR_MOTOR_STOP?WHEEL
            CODE    05C1H     0005H     UNIT         ?PR?LR_MOTOR_BACK?WHEEL
            CODE    05C6H     0005H     UNIT         ?PR?RR_MOTOR_GO?WHEEL
            CODE    05CBH     0005H     UNIT         ?PR?RR_MOTOR_STOP?WHEEL
            CODE    05D0H     0005H     UNIT         ?PR?RR_MOTOR_BACK?WHEEL



OVERLAY MAP OF MODULE:   .\Objects\USER (MAIN)


SEGMENT
  +--> CALLED SEGMENT
---------------------
?C_C51STARTUP
  +--> ?PR?MAIN?MAIN

?PR?MAIN?MAIN
  +--> ?PR?TIMER_INIT?RUN
  +--> ?PR?CAR_GO?RUN
  +--> ?PR?SONAR?SONAR

?PR?CAR_GO?RUN
  +--> ?PR?LF_MOTOR_GO?WHEEL
  +--> ?PR?RF_MOTOR_GO?WHEEL
  +--> ?PR?LR_MOTOR_GO?WHEEL
  +--> ?PR?RR_MOTOR_GO?WHEEL

?PR?SONAR?SONAR
  +--> ?PR?DELAY15US?SONAR
  +--> ?PR?CAR_STOP?RUN
  +--> ?PR?_DELAY?DELAY
  +--> ?PR?CAR_LEFTSTOP?RUN
  +--> ?PR?CAR_LEFTGO?RUN
  +--> ?PR?CAR_GO?RUN
  +--> ?PR?CAR_RIGHTGO?RUN

?PR?CAR_STOP?RUN
  +--> ?PR?LF_MOTOR_STOP?WHEEL
  +--> ?PR?RF_MOTOR_STOP?WHEEL
  +--> ?PR?LR_MOTOR_STOP?WHEEL
  +--> ?PR?RR_MOTOR_STOP?WHEEL

?PR?CAR_LEFTSTOP?RUN
  +--> ?PR?LF_MOTOR_GO?WHEEL
  +--> ?PR?RF_MOTOR_BACK?WHEEL
  +--> ?PR?LR_MOTOR_GO?WHEEL
  +--> ?PR?RR_MOTOR_BACK?WHEEL

?PR?CAR_LEFTGO?RUN
  +--> ?PR?LF_MOTOR_GO?WHEEL
BL51 BANKED LINKER/LOCATER V6.22                                                      03/30/2022  17:40:03  PAGE 3


  +--> ?PR?RF_MOTOR_STOP?WHEEL
  +--> ?PR?LR_MOTOR_GO?WHEEL
  +--> ?PR?RR_MOTOR_STOP?WHEEL

?PR?CAR_RIGHTGO?RUN
  +--> ?PR?LF_MOTOR_STOP?WHEEL
  +--> ?PR?RF_MOTOR_GO?WHEEL
  +--> ?PR?LR_MOTOR_STOP?WHEEL
  +--> ?PR?RR_MOTOR_GO?WHEEL



SYMBOL TABLE OF MODULE:  .\Objects\USER (MAIN)

  VALUE           TYPE          NAME
  ----------------------------------

  -------         MODULE        MAIN
  C:0000H         SYMBOL        _ICE_DUMMY_
  C:058EH         PUBLIC        main
  -------         PROC          MAIN
  C:058EH         LINE#         5
  C:058EH         LINE#         6
  C:058EH         LINE#         7
  C:0591H         LINE#         8
  C:0594H         LINE#         9
  C:0594H         LINE#         10
  C:0594H         LINE#         12
  C:0597H         LINE#         13
  -------         ENDPROC       MAIN
  -------         ENDMOD        MAIN

  -------         MODULE        WHEEL
  C:0000H         SYMBOL        _ICE_DUMMY_
  D:0080H         PUBLIC        P0
  D:00B0H         PUBLIC        P3
  C:05A3H         PUBLIC        LF_motor_back
  C:05B2H         PUBLIC        RF_motor_back
  C:05C1H         PUBLIC        LR_motor_back
  C:05D0H         PUBLIC        RR_motor_back
  C:059EH         PUBLIC        LF_motor_stop
  C:05ADH         PUBLIC        RF_motor_stop
  C:05BCH         PUBLIC        LR_motor_stop
  C:0599H         PUBLIC        LF_motor_go
  C:05CBH         PUBLIC        RR_motor_stop
  C:05A8H         PUBLIC        RF_motor_go
  C:05B7H         PUBLIC        LR_motor_go
  C:05C6H         PUBLIC        RR_motor_go
  B:0080H.5       PUBLIC        IN11
  B:00B0H.5       PUBLIC        IN21
  B:0080H.6       PUBLIC        IN12
  B:00B0H.6       PUBLIC        IN22
  B:0080H.3       PUBLIC        IN13
  B:00B0H.3       PUBLIC        IN23
  B:0080H.4       PUBLIC        IN14
  B:00B0H.4       PUBLIC        IN24
  -------         PROC          LF_MOTOR_GO
BL51 BANKED LINKER/LOCATER V6.22                                                      03/30/2022  17:40:03  PAGE 4


  C:0599H         LINE#         19
  C:0599H         LINE#         20
  -------         ENDPROC       LF_MOTOR_GO
  -------         PROC          LF_MOTOR_STOP
  C:059EH         LINE#         21
  C:059EH         LINE#         22
  -------         ENDPROC       LF_MOTOR_STOP
  -------         PROC          LF_MOTOR_BACK
  C:05A3H         LINE#         23
  C:05A3H         LINE#         24
  -------         ENDPROC       LF_MOTOR_BACK
  -------         PROC          RF_MOTOR_GO
  C:05A8H         LINE#         25
  C:05A8H         LINE#         26
  -------         ENDPROC       RF_MOTOR_GO
  -------         PROC          RF_MOTOR_STOP
  C:05ADH         LINE#         27
  C:05ADH         LINE#         28
  -------         ENDPROC       RF_MOTOR_STOP
  -------         PROC          RF_MOTOR_BACK
  C:05B2H         LINE#         29
  C:05B2H         LINE#         30
  -------         ENDPROC       RF_MOTOR_BACK
  -------         PROC          LR_MOTOR_GO
  C:05B7H         LINE#         31
  C:05B7H         LINE#         32
  -------         ENDPROC       LR_MOTOR_GO
  -------         PROC          LR_MOTOR_STOP
  C:05BCH         LINE#         33
  C:05BCH         LINE#         34
  -------         ENDPROC       LR_MOTOR_STOP
  -------         PROC          LR_MOTOR_BACK
  C:05C1H         LINE#         35
  C:05C1H         LINE#         36
  -------         ENDPROC       LR_MOTOR_BACK
  -------         PROC          RR_MOTOR_GO
  C:05C6H         LINE#         37
  C:05C6H         LINE#         38
  -------         ENDPROC       RR_MOTOR_GO
  -------         PROC          RR_MOTOR_STOP
  C:05CBH         LINE#         39
  C:05CBH         LINE#         40
  -------         ENDPROC       RR_MOTOR_STOP
  -------         PROC          RR_MOTOR_BACK
  C:05D0H         LINE#         41
  C:05D0H         LINE#         42
  -------         ENDPROC       RR_MOTOR_BACK
  -------         ENDMOD        WHEEL

  -------         MODULE        RUN
  C:0000H         SYMBOL        _ICE_DUMMY_
  C:049EH         PUBLIC        Timer0_Routine
  D:0080H         PUBLIC        P0
  C:0573H         PUBLIC        car_rightstop
  D:00B0H         PUBLIC        P3
  B:0080H.7       PUBLIC        EN1A
  B:00A8H.7       PUBLIC        EA
BL51 BANKED LINKER/LOCATER V6.22                                                      03/30/2022  17:40:03  PAGE 5


  B:00B0H.7       PUBLIC        EN2A
  B:0080H.2       PUBLIC        EN1B
  B:00B0H.2       PUBLIC        EN2B
  C:0564H         PUBLIC        car_leftstop
  C:0537H         PUBLIC        car_rightgo
  D:000EH         PUBLIC        speed
  C:0528H         PUBLIC        car_leftgo
  C:050AH         PUBLIC        car_back
  D:0089H         PUBLIC        TMOD
  D:000FH         PUBLIC        counter1
  B:00A8H.1       PUBLIC        ET0
  B:0088H.5       PUBLIC        TF0
  D:008CH         PUBLIC        TH0
  C:0546H         PUBLIC        car_rightback
  D:008AH         PUBLIC        TL0
  B:00B8H.1       PUBLIC        PT0
  B:0088H.4       PUBLIC        TR0
  C:0555H         PUBLIC        car_leftback
  C:0519H         PUBLIC        car_stop
  C:04FBH         PUBLIC        car_go
  C:04E7H         PUBLIC        Timer_Init
  -------         PROC          TIMER_INIT
  C:04E7H         LINE#         15
  C:04E7H         LINE#         16
  C:04E7H         LINE#         17
  C:04EAH         LINE#         18
  C:04EDH         LINE#         19
  C:04F0H         LINE#         20
  C:04F2H         LINE#         21
  C:04F4H         LINE#         22
  C:04F6H         LINE#         23
  C:04F8H         LINE#         24
  C:04FAH         LINE#         25
  -------         ENDPROC       TIMER_INIT
  -------         PROC          TIMER0_ROUTINE
  C:049EH         LINE#         27
  C:04A2H         LINE#         29
  C:04A5H         LINE#         30
  C:04A8H         LINE#         32
  C:04AAH         LINE#         33
  C:04B1H         LINE#         34
  C:04B1H         LINE#         35
  C:04B4H         LINE#         36
  C:04B4H         LINE#         38
  C:04BBH         LINE#         39
  C:04BBH         LINE#         40
  C:04BDH         LINE#         41
  C:04BFH         LINE#         42
  C:04C1H         LINE#         43
  C:04C3H         LINE#         44
  C:04C5H         LINE#         47
  C:04C5H         LINE#         48
  C:04C7H         LINE#         49
  C:04C9H         LINE#         50
  C:04CBH         LINE#         51
  C:04CDH         LINE#         52
  C:04CDH         LINE#         53
BL51 BANKED LINKER/LOCATER V6.22                                                      03/30/2022  17:40:03  PAGE 6


  -------         ENDPROC       TIMER0_ROUTINE
  -------         PROC          CAR_GO
  C:04FBH         LINE#         57
  C:04FBH         LINE#         58
  C:04FBH         LINE#         59
  C:04FEH         LINE#         60
  C:0501H         LINE#         61
  C:0504H         LINE#         62
  C:0507H         LINE#         63
  -------         ENDPROC       CAR_GO
  -------         PROC          CAR_BACK
  C:050AH         LINE#         65
  C:050AH         LINE#         66
  C:050AH         LINE#         67
  C:050DH         LINE#         68
  C:0510H         LINE#         69
  C:0513H         LINE#         70
  C:0516H         LINE#         71
  -------         ENDPROC       CAR_BACK
  -------         PROC          CAR_STOP
  C:0519H         LINE#         73
  C:0519H         LINE#         74
  C:0519H         LINE#         75
  C:051CH         LINE#         76
  C:051FH         LINE#         77
  C:0522H         LINE#         78
  C:0525H         LINE#         79
  -------         ENDPROC       CAR_STOP
  -------         PROC          CAR_LEFTGO
  C:0528H         LINE#         81
  C:0528H         LINE#         82
  C:0528H         LINE#         83
  C:052BH         LINE#         84
  C:052EH         LINE#         85
  C:0531H         LINE#         86
  C:0534H         LINE#         87
  -------         ENDPROC       CAR_LEFTGO
  -------         PROC          CAR_RIGHTGO
  C:0537H         LINE#         89
  C:0537H         LINE#         90
  C:0537H         LINE#         91
  C:053AH         LINE#         92
  C:053DH         LINE#         93
  C:0540H         LINE#         94
  C:0543H         LINE#         95
  -------         ENDPROC       CAR_RIGHTGO
  -------         PROC          CAR_RIGHTBACK
  C:0546H         LINE#         97
  C:0546H         LINE#         98
  C:0546H         LINE#         99
  C:0549H         LINE#         100
  C:054CH         LINE#         101
  C:054FH         LINE#         102
  C:0552H         LINE#         103
  -------         ENDPROC       CAR_RIGHTBACK
  -------         PROC          CAR_LEFTBACK
  C:0555H         LINE#         105
BL51 BANKED LINKER/LOCATER V6.22                                                      03/30/2022  17:40:03  PAGE 7


  C:0555H         LINE#         106
  C:0555H         LINE#         107
  C:0558H         LINE#         108
  C:055BH         LINE#         109
  C:055EH         LINE#         110
  C:0561H         LINE#         111
  -------         ENDPROC       CAR_LEFTBACK
  -------         PROC          CAR_LEFTSTOP
  C:0564H         LINE#         113
  C:0564H         LINE#         114
  C:0564H         LINE#         115
  C:0567H         LINE#         116
  C:056AH         LINE#         117
  C:056DH         LINE#         118
  C:0570H         LINE#         119
  -------         ENDPROC       CAR_LEFTSTOP
  -------         PROC          CAR_RIGHTSTOP
  C:0573H         LINE#         121
  C:0573H         LINE#         122
  C:0573H         LINE#         123
  C:0576H         LINE#         124
  C:0579H         LINE#         125
  C:057CH         LINE#         126
  C:057FH         LINE#         127
  -------         ENDPROC       CAR_RIGHTSTOP
  -------         ENDMOD        RUN

  -------         MODULE        DELAY
  C:0000H         SYMBOL        _ICE_DUMMY_
  C:04D2H         PUBLIC        _Delay
  -------         PROC          _DELAY
  D:0006H         SYMBOL        xms
  -------         DO            
  D:0005H         SYMBOL        i
  D:0004H         SYMBOL        j
  -------         ENDDO         
  C:04D2H         LINE#         1
  C:04D2H         LINE#         2
  C:04D2H         LINE#         4
  C:04DCH         LINE#         5
  C:04DCH         LINE#         6
  C:04DEH         LINE#         7
  C:04E0H         LINE#         9
  C:04E0H         LINE#         10
  C:04E2H         LINE#         11
  C:04E4H         LINE#         12
  C:04E6H         LINE#         14
  -------         ENDPROC       _DELAY
  -------         ENDMOD        DELAY

  -------         MODULE        SONAR
  C:0000H         SYMBOL        _ICE_DUMMY_
  D:0008H         PUBLIC        distance1
  D:00A0H         PUBLIC        P2
  D:000AH         PUBLIC        distance2
  D:000CH         PUBLIC        distance3
  B:00A8H.7       PUBLIC        EA
BL51 BANKED LINKER/LOCATER V6.22                                                      03/30/2022  17:40:03  PAGE 8


  C:02FAH         PUBLIC        sonar
  B:00A0H.1       PUBLIC        Echo1
  B:00A0H.3       PUBLIC        Echo2
  B:00A0H.5       PUBLIC        Echo3
  D:0089H         PUBLIC        TMOD
  C:0003H         PUBLIC        Delay15us
  B:00A0H.0       PUBLIC        Trig1
  B:00A0H.2       PUBLIC        Trig2
  B:00A0H.4       PUBLIC        Trig3
  D:008DH         PUBLIC        TH1
  D:008BH         PUBLIC        TL1
  B:0088H.6       PUBLIC        TR1
  -------         PROC          DELAY15US
  -------         DO            
  D:0007H         SYMBOL        i
  -------         ENDDO         
  C:0003H         LINE#         20
  C:0003H         LINE#         21
  C:0003H         LINE#         24
  C:0004H         LINE#         25
  C:0006H         LINE#         26
  C:0008H         LINE#         27
  -------         ENDPROC       DELAY15US
  -------         PROC          SONAR
  C:02FAH         LINE#         31
  C:02FAH         LINE#         32
  C:02FAH         LINE#         33
  C:02FDH         LINE#         34
  C:0300H         LINE#         35
  C:0302H         LINE#         36
  C:0304H         LINE#         40
  C:0306H         LINE#         41
  C:0309H         LINE#         42
  C:030BH         LINE#         43
  C:030EH         LINE#         44
  C:0310H         LINE#         45
  C:0313H         LINE#         46
  C:0313H         LINE#         47
  C:0315H         LINE#         48
  C:0342H         LINE#         49
  C:0345H         LINE#         50
  C:0347H         LINE#         51
  C:0347H         LINE#         54
  C:0349H         LINE#         55
  C:034CH         LINE#         56
  C:034EH         LINE#         57
  C:0351H         LINE#         58
  C:0353H         LINE#         59
  C:0356H         LINE#         60
  C:0356H         LINE#         61
  C:0358H         LINE#         62
  C:0385H         LINE#         63
  C:0388H         LINE#         64
  C:038AH         LINE#         65
  C:038AH         LINE#         68
  C:038CH         LINE#         69
  C:038FH         LINE#         70
BL51 BANKED LINKER/LOCATER V6.22                                                      03/30/2022  17:40:03  PAGE 9


  C:0391H         LINE#         71
  C:0394H         LINE#         72
  C:0396H         LINE#         73
  C:0399H         LINE#         74
  C:0399H         LINE#         75
  C:039BH         LINE#         76
  C:03C8H         LINE#         77
  C:03CBH         LINE#         78
  C:03CDH         LINE#         79
  C:03CDH         LINE#         83
  C:03D8H         LINE#         84
  C:03F6H         LINE#         85
  C:0401H         LINE#         86
  C:0412H         LINE#         88
  C:0412H         LINE#         90
  C:0428H         LINE#         91
  C:0446H         LINE#         92
  C:045AH         LINE#         93
  C:045AH         LINE#         95
  C:046EH         LINE#         96
  C:047FH         LINE#         98
  C:049DH         LINE#         99
  C:049DH         LINE#         100
  C:049DH         LINE#         101
  -------         ENDPROC       SONAR
  -------         ENDMOD        SONAR

  -------         MODULE        ?C?FPMUL
  C:000EH         PUBLIC        ?C?FPMUL
  -------         ENDMOD        ?C?FPMUL

  -------         MODULE        ?C?FPDIV
  C:0117H         PUBLIC        ?C?FPDIV
  -------         ENDMOD        ?C?FPDIV

  -------         MODULE        ?C?FPCMP
  C:01B6H         PUBLIC        ?C?FPCMP
  C:01B4H         PUBLIC        ?C?FPCMP3
  -------         ENDMOD        ?C?FPCMP

  -------         MODULE        ?C?FCAST
  C:0237H         PUBLIC        ?C?FCASTC
  C:0232H         PUBLIC        ?C?FCASTI
  C:022DH         PUBLIC        ?C?FCASTL
  -------         ENDMOD        ?C?FCAST

  -------         MODULE        ?C?CASTF
  C:026BH         PUBLIC        ?C?CASTF
  -------         ENDMOD        ?C?CASTF

  -------         MODULE        ?C?LNEG
  C:02ECH         PUBLIC        ?C?LNEG
  -------         ENDMOD        ?C?LNEG

*** WARNING L16: UNCALLED SEGMENT, IGNORED FOR OVERLAY PROCESS
    SEGMENT: ?PR?CAR_BACK?RUN

BL51 BANKED LINKER/LOCATER V6.22                                                      03/30/2022  17:40:03  PAGE 10


*** WARNING L16: UNCALLED SEGMENT, IGNORED FOR OVERLAY PROCESS
    SEGMENT: ?PR?CAR_RIGHTBACK?RUN

*** WARNING L16: UNCALLED SEGMENT, IGNORED FOR OVERLAY PROCESS
    SEGMENT: ?PR?CAR_LEFTBACK?RUN

*** WARNING L16: UNCALLED SEGMENT, IGNORED FOR OVERLAY PROCESS
    SEGMENT: ?PR?CAR_RIGHTSTOP?RUN

Program Size: data=17.0 xdata=0 code=1491
LINK/LOCATE RUN COMPLETE.  4 WARNING(S),  0 ERROR(S)
