C51 COMPILER V9.54   FIRE                                                                  04/02/2022 19:12:32 PAGE 1   


C51 COMPILER V9.54, COMPILATION OF MODULE FIRE
OBJECT MODULE PLACED IN .\Objects\fire.obj
COMPILER INVOKED BY: E:\KEIL5\C51\BIN\C51.EXE HARDWARE\fire\fire.c OPTIMIZE(8,SPEED) BROWSE INCDIR(.\HARDWARE\wheel;.\HA
                    -RDWARE\Delay;.\HARDWARE\run;.\HARDWARE\sonar;.\HARDWARE\fan;.\HARDWARE\fire;.\HARDWARE\fire;.\HARDWARE\sonar2) DEBUG OBJ
                    -ECTEXTEND PRINT(.\Listings\fire.lst) TABS(2) OBJECT(.\Objects\fire.obj)

line level    source

   1          #include <REGX52.H>
   2          #include "run.h"
   3          #include "fan.h"
   4          #include "Delay.h"
   5          
   6          sbit DO1 = P1^2;    //front
   7          sbit DO2 = P1^3;    //left
   8          sbit DO3 = P1^4;    //right
   9          int i = 2;          //counter
  10          
  11          ////////////////////////////////////////////////////////////////
  12          
  13          int fire()
  14          {
  15   1        if(DO1 == 0)      //sence fire front
  16   1        {
  17   2          car_stop();
  18   2          Delay(80);
  19   2          fan_on();
  20   2          Delay(5000);
  21   2          fan_off();
  22   2          car_leftstop();
  23   2          Delay(400);
  24   2          car_stop();
  25   2          Delay(100);
  26   2          i=i+1;
  27   2        }
  28   1        
  29   1        if(DO2 == 0)      //sence fire left
  30   1        {
  31   2          car_stop();
  32   2          Delay(100);
  33   2          while(DO1 == 1)
  34   2            car_leftstop();
  35   2          while(DO1 == 0)
  36   2          {car_stop();
  37   3          Delay(80);
  38   3          fan_on();
  39   3          Delay(5000);}
  40   2          fan_off();
  41   2          car_leftstop();
  42   2          Delay(400);
  43   2          car_stop();
  44   2          Delay(100);
  45   2          i = i+1;
  46   2        }
  47   1        
  48   1        if(DO3 == 0)      //sence fire right
  49   1        {
  50   2          car_stop();
  51   2          Delay(100);
  52   2          while(DO1 == 1)
  53   2            car_rightstop();
C51 COMPILER V9.54   FIRE                                                                  04/02/2022 19:12:32 PAGE 2   

  54   2          while(DO1 == 0)
  55   2          {car_stop();  
  56   3          Delay(80);
  57   3          fan_on();
  58   3          Delay(5000);}
  59   2          fan_off();
  60   2          car_rightstop();
  61   2          Delay(400);
  62   2          car_stop();
  63   2          Delay(100);
  64   2          i = i+1;
  65   2        }
  66   1      return i;
  67   1      }


MODULE INFORMATION:   STATIC OVERLAYABLE
   CODE SIZE        =    213    ----
   CONSTANT SIZE    =   ----    ----
   XDATA SIZE       =   ----    ----
   PDATA SIZE       =   ----    ----
   DATA SIZE        =      2    ----
   IDATA SIZE       =   ----    ----
   BIT SIZE         =   ----    ----
END OF MODULE INFORMATION.


C51 COMPILATION COMPLETE.  0 WARNING(S),  0 ERROR(S)
