BL51 BANKED LINKER/LOCATER V6.22                                                        04/02/2022  19:12:32  PAGE 1


BL51 BANKED LINKER/LOCATER V6.22, INVOKED BY:
E:\KEIL5\C51\BIN\BL51.EXE .\Objects\main.obj, .\Objects\wheel.obj, .\Objects\run.obj, .\Objects\Delay.obj, .\Objects\son
>> ar.obj, .\Objects\fan.obj, .\Objects\fire.obj, .\Objects\sonar2.obj TO .\Objects\USER PRINT (.\Listings\USER.m51) RAM
>> SIZE (256) DISABLEWARNING (16)


MEMORY MODEL: SMALL WITH FLOATING POINT ARITHMETIC


INPUT MODULES INCLUDED:
  .\Objects\main.obj (MAIN)
  .\Objects\wheel.obj (WHEEL)
  .\Objects\run.obj (RUN)
  .\Objects\Delay.obj (DELAY)
  .\Objects\sonar.obj (SONAR)
  .\Objects\fan.obj (FAN)
  .\Objects\fire.obj (FIRE)
  .\Objects\sonar2.obj (SONAR2)
  E:\KEIL5\C51\LIB\C51FPS.LIB (?C?FPMUL)
  E:\KEIL5\C51\LIB\C51FPS.LIB (?C?FPDIV)
  E:\KEIL5\C51\LIB\C51FPS.LIB (?C?FPCMP)
  E:\KEIL5\C51\LIB\C51FPS.LIB (?C?FCAST)
  E:\KEIL5\C51\LIB\C51FPS.LIB (?C?CASTF)
  E:\KEIL5\C51\LIB\C51FPS.LIB (?C?FPGETOPN)
  E:\KEIL5\C51\LIB\C51S.LIB (?C_STARTUP)
  E:\KEIL5\C51\LIB\C51S.LIB (?C?LNEG)
  E:\KEIL5\C51\LIB\C51S.LIB (?C_INIT)


LINK MAP OF MODULE:  .\Objects\USER (MAIN)


            TYPE    BASE      LENGTH    RELOCATION   SEGMENT NAME
            -----------------------------------------------------

            * * * * * * *   D A T A   M E M O R Y   * * * * * * *
            REG     0000H     0008H     ABSOLUTE     "REG BANK 0"
            DATA    0008H     000CH     UNIT         ?DT?SONAR2
            DATA    0014H     0006H     UNIT         ?DT?SONAR
            DATA    001AH     0002H     UNIT         ?DT?MAIN
            DATA    001CH     0002H     UNIT         ?DT?RUN
            DATA    001EH     0002H     UNIT         ?DT?FIRE
            IDATA   0020H     0001H     UNIT         ?STACK

            * * * * * * *   C O D E   M E M O R Y   * * * * * * *
            CODE    0000H     0003H     ABSOLUTE     
            CODE    0003H     0006H     UNIT         ?PR?DELAY15US?SONAR
                    0009H     0002H                  *** GAP ***
            CODE    000BH     0003H     ABSOLUTE     
            CODE    000EH     02ECH     UNIT         ?C?LIB_CODE
            CODE    02FAH     0274H     UNIT         ?PR?SONAR2?SONAR2
            CODE    056EH     01A4H     UNIT         ?PR?SONAR?SONAR
            CODE    0712H     00D5H     UNIT         ?PR?FIRE?FIRE
            CODE    07E7H     008CH     UNIT         ?C_C51STARTUP
            CODE    0873H     0035H     UNIT         ?PR?MAIN?MAIN
            CODE    08A8H     0034H     UNIT         ?PR?TIMER0_ROUTINE?RUN
            CODE    08DCH     0015H     UNIT         ?C_INITSEG
            CODE    08F1H     0015H     UNIT         ?PR?_DELAY?DELAY
BL51 BANKED LINKER/LOCATER V6.22                                                      04/02/2022  19:12:32  PAGE 2


            CODE    0906H     0014H     UNIT         ?PR?TIMER_INIT?RUN
            CODE    091AH     000FH     UNIT         ?PR?CAR_GO?RUN
            CODE    0929H     000FH     UNIT         ?PR?CAR_BACK?RUN
            CODE    0938H     000FH     UNIT         ?PR?CAR_STOP?RUN
            CODE    0947H     000FH     UNIT         ?PR?CAR_LEFTGO?RUN
            CODE    0956H     000FH     UNIT         ?PR?CAR_RIGHTGO?RUN
            CODE    0965H     000FH     UNIT         ?PR?CAR_RIGHTBACK?RUN
            CODE    0974H     000FH     UNIT         ?PR?CAR_LEFTBACK?RUN
            CODE    0983H     000FH     UNIT         ?PR?CAR_LEFTSTOP?RUN
            CODE    0992H     000FH     UNIT         ?PR?CAR_RIGHTSTOP?RUN
            CODE    09A1H     0006H     UNIT         ?PR?DELAY15US2?SONAR2
            CODE    09A7H     0005H     UNIT         ?PR?LF_MOTOR_GO?WHEEL
            CODE    09ACH     0005H     UNIT         ?PR?LF_MOTOR_STOP?WHEEL
            CODE    09B1H     0005H     UNIT         ?PR?LF_MOTOR_BACK?WHEEL
            CODE    09B6H     0005H     UNIT         ?PR?RF_MOTOR_GO?WHEEL
            CODE    09BBH     0005H     UNIT         ?PR?RF_MOTOR_STOP?WHEEL
            CODE    09C0H     0005H     UNIT         ?PR?RF_MOTOR_BACK?WHEEL
            CODE    09C5H     0005H     UNIT         ?PR?LR_MOTOR_GO?WHEEL
            CODE    09CAH     0005H     UNIT         ?PR?LR_MOTOR_STOP?WHEEL
            CODE    09CFH     0005H     UNIT         ?PR?LR_MOTOR_BACK?WHEEL
            CODE    09D4H     0005H     UNIT         ?PR?RR_MOTOR_GO?WHEEL
            CODE    09D9H     0005H     UNIT         ?PR?RR_MOTOR_STOP?WHEEL
            CODE    09DEH     0005H     UNIT         ?PR?RR_MOTOR_BACK?WHEEL
            CODE    09E3H     0005H     UNIT         ?PR?FAN_ON?FAN
            CODE    09E8H     0005H     UNIT         ?PR?FAN_OFF?FAN



OVERLAY MAP OF MODULE:   .\Objects\USER (MAIN)


SEGMENT
  +--> CALLED SEGMENT
---------------------
?C_C51STARTUP
  +--> ?PR?MAIN?MAIN
  +--> ?C_INITSEG

?PR?MAIN?MAIN
  +--> ?PR?FAN_OFF?FAN
  +--> ?PR?TIMER_INIT?RUN
  +--> ?PR?FIRE?FIRE
  +--> ?PR?SONAR?SONAR
  +--> ?PR?SONAR2?SONAR2

?PR?FIRE?FIRE
  +--> ?PR?CAR_STOP?RUN
  +--> ?PR?_DELAY?DELAY
  +--> ?PR?FAN_ON?FAN
  +--> ?PR?FAN_OFF?FAN
  +--> ?PR?CAR_LEFTSTOP?RUN
  +--> ?PR?CAR_RIGHTSTOP?RUN

?PR?CAR_STOP?RUN
  +--> ?PR?LF_MOTOR_STOP?WHEEL
  +--> ?PR?RF_MOTOR_STOP?WHEEL
  +--> ?PR?LR_MOTOR_STOP?WHEEL
BL51 BANKED LINKER/LOCATER V6.22                                                      04/02/2022  19:12:32  PAGE 3


  +--> ?PR?RR_MOTOR_STOP?WHEEL

?PR?CAR_LEFTSTOP?RUN
  +--> ?PR?LF_MOTOR_GO?WHEEL
  +--> ?PR?RF_MOTOR_BACK?WHEEL
  +--> ?PR?LR_MOTOR_GO?WHEEL
  +--> ?PR?RR_MOTOR_BACK?WHEEL

?PR?CAR_RIGHTSTOP?RUN
  +--> ?PR?LF_MOTOR_BACK?WHEEL
  +--> ?PR?RF_MOTOR_GO?WHEEL
  +--> ?PR?LR_MOTOR_BACK?WHEEL
  +--> ?PR?RR_MOTOR_GO?WHEEL

?PR?SONAR?SONAR
  +--> ?PR?DELAY15US?SONAR
  +--> ?PR?CAR_STOP?RUN
  +--> ?PR?_DELAY?DELAY
  +--> ?PR?CAR_LEFTSTOP?RUN
  +--> ?PR?CAR_LEFTGO?RUN
  +--> ?PR?CAR_GO?RUN
  +--> ?PR?CAR_RIGHTGO?RUN

?PR?CAR_LEFTGO?RUN
  +--> ?PR?LF_MOTOR_GO?WHEEL
  +--> ?PR?RF_MOTOR_STOP?WHEEL
  +--> ?PR?LR_MOTOR_GO?WHEEL
  +--> ?PR?RR_MOTOR_STOP?WHEEL

?PR?CAR_GO?RUN
  +--> ?PR?LF_MOTOR_GO?WHEEL
  +--> ?PR?RF_MOTOR_GO?WHEEL
  +--> ?PR?LR_MOTOR_GO?WHEEL
  +--> ?PR?RR_MOTOR_GO?WHEEL

?PR?CAR_RIGHTGO?RUN
  +--> ?PR?LF_MOTOR_STOP?WHEEL
  +--> ?PR?RF_MOTOR_GO?WHEEL
  +--> ?PR?LR_MOTOR_STOP?WHEEL
  +--> ?PR?RR_MOTOR_GO?WHEEL

?PR?SONAR2?SONAR2
  +--> ?PR?DELAY15US2?SONAR2
  +--> ?PR?CAR_STOP?RUN
  +--> ?PR?_DELAY?DELAY
  +--> ?PR?CAR_LEFTSTOP?RUN
  +--> ?PR?CAR_GO?RUN
  +--> ?PR?CAR_LEFTGO?RUN
  +--> ?PR?CAR_RIGHTGO?RUN



SYMBOL TABLE OF MODULE:  .\Objects\USER (MAIN)

  VALUE           TYPE          NAME
  ----------------------------------

BL51 BANKED LINKER/LOCATER V6.22                                                      04/02/2022  19:12:32  PAGE 4


  -------         MODULE        MAIN
  C:0000H         SYMBOL        _ICE_DUMMY_
  D:001AH         PUBLIC        flag
  C:0873H         PUBLIC        main
  -------         PROC          MAIN
  C:0873H         LINE#         8
  C:0873H         LINE#         9
  C:0873H         LINE#         10
  C:0876H         LINE#         11
  C:0879H         LINE#         12
  C:0879H         LINE#         13
  C:0879H         LINE#         18
  C:0880H         LINE#         19
  C:088DH         LINE#         20
  C:088DH         LINE#         21
  C:0890H         LINE#         22
  C:0893H         LINE#         23
  C:0893H         LINE#         24
  C:08A0H         LINE#         25
  C:08A0H         LINE#         26
  C:08A3H         LINE#         27
  C:08A6H         LINE#         28
  C:08A6H         LINE#         29
  -------         ENDPROC       MAIN
  -------         ENDMOD        MAIN

  -------         MODULE        WHEEL
  C:0000H         SYMBOL        _ICE_DUMMY_
  D:0080H         PUBLIC        P0
  D:00B0H         PUBLIC        P3
  C:09B1H         PUBLIC        LF_motor_back
  C:09C0H         PUBLIC        RF_motor_back
  C:09CFH         PUBLIC        LR_motor_back
  C:09DEH         PUBLIC        RR_motor_back
  C:09ACH         PUBLIC        LF_motor_stop
  C:09BBH         PUBLIC        RF_motor_stop
  C:09CAH         PUBLIC        LR_motor_stop
  C:09A7H         PUBLIC        LF_motor_go
  C:09D9H         PUBLIC        RR_motor_stop
  C:09B6H         PUBLIC        RF_motor_go
  C:09C5H         PUBLIC        LR_motor_go
  C:09D4H         PUBLIC        RR_motor_go
  B:0080H.5       PUBLIC        IN11
  B:00B0H.5       PUBLIC        IN21
  B:0080H.6       PUBLIC        IN12
  B:00B0H.6       PUBLIC        IN22
  B:0080H.3       PUBLIC        IN13
  B:00B0H.3       PUBLIC        IN23
  B:0080H.4       PUBLIC        IN14
  B:00B0H.4       PUBLIC        IN24
  -------         PROC          LF_MOTOR_GO
  C:09A7H         LINE#         19
  C:09A7H         LINE#         20
  -------         ENDPROC       LF_MOTOR_GO
  -------         PROC          LF_MOTOR_STOP
  C:09ACH         LINE#         21
  C:09ACH         LINE#         22
BL51 BANKED LINKER/LOCATER V6.22                                                      04/02/2022  19:12:32  PAGE 5


  -------         ENDPROC       LF_MOTOR_STOP
  -------         PROC          LF_MOTOR_BACK
  C:09B1H         LINE#         23
  C:09B1H         LINE#         24
  -------         ENDPROC       LF_MOTOR_BACK
  -------         PROC          RF_MOTOR_GO
  C:09B6H         LINE#         25
  C:09B6H         LINE#         26
  -------         ENDPROC       RF_MOTOR_GO
  -------         PROC          RF_MOTOR_STOP
  C:09BBH         LINE#         27
  C:09BBH         LINE#         28
  -------         ENDPROC       RF_MOTOR_STOP
  -------         PROC          RF_MOTOR_BACK
  C:09C0H         LINE#         29
  C:09C0H         LINE#         30
  -------         ENDPROC       RF_MOTOR_BACK
  -------         PROC          LR_MOTOR_GO
  C:09C5H         LINE#         31
  C:09C5H         LINE#         32
  -------         ENDPROC       LR_MOTOR_GO
  -------         PROC          LR_MOTOR_STOP
  C:09CAH         LINE#         33
  C:09CAH         LINE#         34
  -------         ENDPROC       LR_MOTOR_STOP
  -------         PROC          LR_MOTOR_BACK
  C:09CFH         LINE#         35
  C:09CFH         LINE#         36
  -------         ENDPROC       LR_MOTOR_BACK
  -------         PROC          RR_MOTOR_GO
  C:09D4H         LINE#         37
  C:09D4H         LINE#         38
  -------         ENDPROC       RR_MOTOR_GO
  -------         PROC          RR_MOTOR_STOP
  C:09D9H         LINE#         39
  C:09D9H         LINE#         40
  -------         ENDPROC       RR_MOTOR_STOP
  -------         PROC          RR_MOTOR_BACK
  C:09DEH         LINE#         41
  C:09DEH         LINE#         42
  -------         ENDPROC       RR_MOTOR_BACK
  -------         ENDMOD        WHEEL

  -------         MODULE        RUN
  C:0000H         SYMBOL        _ICE_DUMMY_
  C:08A8H         PUBLIC        Timer0_Routine
  D:0080H         PUBLIC        P0
  C:0992H         PUBLIC        car_rightstop
  D:00B0H         PUBLIC        P3
  B:0080H.7       PUBLIC        EN1A
  B:00A8H.7       PUBLIC        EA
  B:00B0H.7       PUBLIC        EN2A
  B:0080H.2       PUBLIC        EN1B
  B:00B0H.2       PUBLIC        EN2B
  C:0983H         PUBLIC        car_leftstop
  C:0956H         PUBLIC        car_rightgo
  D:001CH         PUBLIC        speed
BL51 BANKED LINKER/LOCATER V6.22                                                      04/02/2022  19:12:32  PAGE 6


  C:0947H         PUBLIC        car_leftgo
  C:0929H         PUBLIC        car_back
  D:0089H         PUBLIC        TMOD
  D:001DH         PUBLIC        counter1
  B:00A8H.1       PUBLIC        ET0
  B:0088H.5       PUBLIC        TF0
  D:008CH         PUBLIC        TH0
  C:0965H         PUBLIC        car_rightback
  D:008AH         PUBLIC        TL0
  B:00B8H.1       PUBLIC        PT0
  B:0088H.4       PUBLIC        TR0
  C:0974H         PUBLIC        car_leftback
  C:0938H         PUBLIC        car_stop
  C:091AH         PUBLIC        car_go
  C:0906H         PUBLIC        Timer_Init
  -------         PROC          TIMER_INIT
  C:0906H         LINE#         15
  C:0906H         LINE#         16
  C:0906H         LINE#         17
  C:0909H         LINE#         18
  C:090CH         LINE#         19
  C:090FH         LINE#         20
  C:0911H         LINE#         21
  C:0913H         LINE#         22
  C:0915H         LINE#         23
  C:0917H         LINE#         24
  C:0919H         LINE#         25
  -------         ENDPROC       TIMER_INIT
  -------         PROC          TIMER0_ROUTINE
  C:08A8H         LINE#         27
  C:08ACH         LINE#         29
  C:08AFH         LINE#         30
  C:08B2H         LINE#         32
  C:08B4H         LINE#         33
  C:08BBH         LINE#         34
  C:08BBH         LINE#         35
  C:08BEH         LINE#         36
  C:08BEH         LINE#         38
  C:08C5H         LINE#         39
  C:08C5H         LINE#         40
  C:08C7H         LINE#         41
  C:08C9H         LINE#         42
  C:08CBH         LINE#         43
  C:08CDH         LINE#         44
  C:08CFH         LINE#         47
  C:08CFH         LINE#         48
  C:08D1H         LINE#         49
  C:08D3H         LINE#         50
  C:08D5H         LINE#         51
  C:08D7H         LINE#         52
  C:08D7H         LINE#         53
  -------         ENDPROC       TIMER0_ROUTINE
  -------         PROC          CAR_GO
  C:091AH         LINE#         57
  C:091AH         LINE#         58
  C:091AH         LINE#         59
  C:091DH         LINE#         60
BL51 BANKED LINKER/LOCATER V6.22                                                      04/02/2022  19:12:32  PAGE 7


  C:0920H         LINE#         61
  C:0923H         LINE#         62
  C:0926H         LINE#         63
  -------         ENDPROC       CAR_GO
  -------         PROC          CAR_BACK
  C:0929H         LINE#         65
  C:0929H         LINE#         66
  C:0929H         LINE#         67
  C:092CH         LINE#         68
  C:092FH         LINE#         69
  C:0932H         LINE#         70
  C:0935H         LINE#         71
  -------         ENDPROC       CAR_BACK
  -------         PROC          CAR_STOP
  C:0938H         LINE#         73
  C:0938H         LINE#         74
  C:0938H         LINE#         75
  C:093BH         LINE#         76
  C:093EH         LINE#         77
  C:0941H         LINE#         78
  C:0944H         LINE#         79
  -------         ENDPROC       CAR_STOP
  -------         PROC          CAR_LEFTGO
  C:0947H         LINE#         81
  C:0947H         LINE#         82
  C:0947H         LINE#         83
  C:094AH         LINE#         84
  C:094DH         LINE#         85
  C:0950H         LINE#         86
  C:0953H         LINE#         87
  -------         ENDPROC       CAR_LEFTGO
  -------         PROC          CAR_RIGHTGO
  C:0956H         LINE#         89
  C:0956H         LINE#         90
  C:0956H         LINE#         91
  C:0959H         LINE#         92
  C:095CH         LINE#         93
  C:095FH         LINE#         94
  C:0962H         LINE#         95
  -------         ENDPROC       CAR_RIGHTGO
  -------         PROC          CAR_RIGHTBACK
  C:0965H         LINE#         97
  C:0965H         LINE#         98
  C:0965H         LINE#         99
  C:0968H         LINE#         100
  C:096BH         LINE#         101
  C:096EH         LINE#         102
  C:0971H         LINE#         103
  -------         ENDPROC       CAR_RIGHTBACK
  -------         PROC          CAR_LEFTBACK
  C:0974H         LINE#         105
  C:0974H         LINE#         106
  C:0974H         LINE#         107
  C:0977H         LINE#         108
  C:097AH         LINE#         109
  C:097DH         LINE#         110
  C:0980H         LINE#         111
BL51 BANKED LINKER/LOCATER V6.22                                                      04/02/2022  19:12:32  PAGE 8


  -------         ENDPROC       CAR_LEFTBACK
  -------         PROC          CAR_LEFTSTOP
  C:0983H         LINE#         113
  C:0983H         LINE#         114
  C:0983H         LINE#         115
  C:0986H         LINE#         116
  C:0989H         LINE#         117
  C:098CH         LINE#         118
  C:098FH         LINE#         119
  -------         ENDPROC       CAR_LEFTSTOP
  -------         PROC          CAR_RIGHTSTOP
  C:0992H         LINE#         121
  C:0992H         LINE#         122
  C:0992H         LINE#         123
  C:0995H         LINE#         124
  C:0998H         LINE#         125
  C:099BH         LINE#         126
  C:099EH         LINE#         127
  -------         ENDPROC       CAR_RIGHTSTOP
  -------         ENDMOD        RUN

  -------         MODULE        DELAY
  C:0000H         SYMBOL        _ICE_DUMMY_
  C:08F1H         PUBLIC        _Delay
  -------         PROC          _DELAY
  D:0006H         SYMBOL        xms
  -------         DO            
  D:0005H         SYMBOL        i
  D:0004H         SYMBOL        j
  -------         ENDDO         
  C:08F1H         LINE#         1
  C:08F1H         LINE#         2
  C:08F1H         LINE#         4
  C:08FBH         LINE#         5
  C:08FBH         LINE#         6
  C:08FDH         LINE#         7
  C:08FFH         LINE#         9
  C:08FFH         LINE#         10
  C:0901H         LINE#         11
  C:0903H         LINE#         12
  C:0905H         LINE#         14
  -------         ENDPROC       _DELAY
  -------         ENDMOD        DELAY

  -------         MODULE        SONAR
  C:0000H         SYMBOL        _ICE_DUMMY_
  D:0014H         PUBLIC        distance1
  D:00A0H         PUBLIC        P2
  D:0016H         PUBLIC        distance2
  D:0018H         PUBLIC        distance3
  B:00A8H.7       PUBLIC        EA
  C:056EH         PUBLIC        sonar
  B:00A0H.1       PUBLIC        Echo1
  B:00A0H.3       PUBLIC        Echo2
  B:00A0H.5       PUBLIC        Echo3
  D:0089H         PUBLIC        TMOD
  C:0003H         PUBLIC        Delay15us
BL51 BANKED LINKER/LOCATER V6.22                                                      04/02/2022  19:12:32  PAGE 9


  B:00A0H.0       PUBLIC        Trig1
  B:00A0H.2       PUBLIC        Trig2
  B:00A0H.4       PUBLIC        Trig3
  D:008DH         PUBLIC        TH1
  D:008BH         PUBLIC        TL1
  B:0088H.6       PUBLIC        TR1
  -------         PROC          DELAY15US
  -------         DO            
  D:0007H         SYMBOL        i
  -------         ENDDO         
  C:0003H         LINE#         19
  C:0003H         LINE#         20
  C:0003H         LINE#         23
  C:0004H         LINE#         24
  C:0006H         LINE#         25
  C:0008H         LINE#         26
  -------         ENDPROC       DELAY15US
  -------         PROC          SONAR
  C:056EH         LINE#         30
  C:056EH         LINE#         31
  C:056EH         LINE#         32
  C:0571H         LINE#         33
  C:0574H         LINE#         34
  C:0576H         LINE#         35
  C:0578H         LINE#         39
  C:057AH         LINE#         40
  C:057DH         LINE#         41
  C:057FH         LINE#         42
  C:0582H         LINE#         43
  C:0584H         LINE#         44
  C:0587H         LINE#         45
  C:0587H         LINE#         46
  C:0589H         LINE#         47
  C:05B6H         LINE#         48
  C:05B9H         LINE#         49
  C:05BBH         LINE#         50
  C:05BBH         LINE#         53
  C:05BDH         LINE#         54
  C:05C0H         LINE#         55
  C:05C2H         LINE#         56
  C:05C5H         LINE#         57
  C:05C7H         LINE#         58
  C:05CAH         LINE#         59
  C:05CAH         LINE#         60
  C:05CCH         LINE#         61
  C:05F9H         LINE#         62
  C:05FCH         LINE#         63
  C:05FEH         LINE#         64
  C:05FEH         LINE#         67
  C:0600H         LINE#         68
  C:0603H         LINE#         69
  C:0605H         LINE#         70
  C:0608H         LINE#         71
  C:060AH         LINE#         72
  C:060DH         LINE#         73
  C:060DH         LINE#         74
  C:060FH         LINE#         75
BL51 BANKED LINKER/LOCATER V6.22                                                      04/02/2022  19:12:32  PAGE 10


  C:063CH         LINE#         76
  C:063FH         LINE#         77
  C:0641H         LINE#         78
  C:0641H         LINE#         82
  C:064CH         LINE#         83
  C:066AH         LINE#         84
  C:0675H         LINE#         85
  C:0686H         LINE#         87
  C:0686H         LINE#         89
  C:069CH         LINE#         90
  C:06BAH         LINE#         91
  C:06CEH         LINE#         92
  C:06CEH         LINE#         94
  C:06E2H         LINE#         95
  C:06F3H         LINE#         97
  C:0711H         LINE#         98
  C:0711H         LINE#         99
  C:0711H         LINE#         100
  -------         ENDPROC       SONAR
  -------         ENDMOD        SONAR

  -------         MODULE        FAN
  C:0000H         SYMBOL        _ICE_DUMMY_
  D:0090H         PUBLIC        P1
  C:09E8H         PUBLIC        fan_off
  B:0090H.0       PUBLIC        fan1
  B:0090H.1       PUBLIC        fan2
  C:09E3H         PUBLIC        fan_on
  -------         PROC          FAN_ON
  C:09E3H         LINE#         8
  C:09E3H         LINE#         9
  C:09E3H         LINE#         10
  C:09E5H         LINE#         11
  C:09E7H         LINE#         12
  -------         ENDPROC       FAN_ON
  -------         PROC          FAN_OFF
  C:09E8H         LINE#         14
  C:09E8H         LINE#         15
  C:09E8H         LINE#         16
  C:09EAH         LINE#         17
  C:09ECH         LINE#         18
  -------         ENDPROC       FAN_OFF
  -------         ENDMOD        FAN

  -------         MODULE        FIRE
  C:0000H         SYMBOL        _ICE_DUMMY_
  D:0090H         PUBLIC        P1
  C:0712H         PUBLIC        fire
  B:0090H.2       PUBLIC        DO1
  B:0090H.3       PUBLIC        DO2
  B:0090H.4       PUBLIC        DO3
  D:001EH         PUBLIC        i
  -------         PROC          FIRE
  C:0712H         LINE#         13
  C:0712H         LINE#         14
  C:0712H         LINE#         15
  C:0715H         LINE#         16
BL51 BANKED LINKER/LOCATER V6.22                                                      04/02/2022  19:12:32  PAGE 11


  C:0715H         LINE#         17
  C:0718H         LINE#         18
  C:071FH         LINE#         19
  C:0722H         LINE#         20
  C:0729H         LINE#         21
  C:072CH         LINE#         22
  C:072FH         LINE#         23
  C:0736H         LINE#         24
  C:0739H         LINE#         25
  C:0740H         LINE#         26
  C:0748H         LINE#         27
  C:0748H         LINE#         29
  C:074BH         LINE#         30
  C:074BH         LINE#         31
  C:074EH         LINE#         32
  C:0755H         LINE#         33
  C:0758H         LINE#         34
  C:075DH         LINE#         35
  C:0760H         LINE#         36
  C:0763H         LINE#         37
  C:076AH         LINE#         38
  C:076DH         LINE#         39
  C:0776H         LINE#         40
  C:0779H         LINE#         41
  C:077CH         LINE#         42
  C:0783H         LINE#         43
  C:0786H         LINE#         44
  C:078DH         LINE#         45
  C:0795H         LINE#         46
  C:0795H         LINE#         48
  C:0798H         LINE#         49
  C:0798H         LINE#         50
  C:079BH         LINE#         51
  C:07A2H         LINE#         52
  C:07A5H         LINE#         53
  C:07AAH         LINE#         54
  C:07ADH         LINE#         55
  C:07B0H         LINE#         56
  C:07B7H         LINE#         57
  C:07BAH         LINE#         58
  C:07C3H         LINE#         59
  C:07C6H         LINE#         60
  C:07C9H         LINE#         61
  C:07D0H         LINE#         62
  C:07D3H         LINE#         63
  C:07DAH         LINE#         64
  C:07E2H         LINE#         65
  C:07E2H         LINE#         66
  C:07E6H         LINE#         67
  -------         ENDPROC       FIRE
  -------         ENDMOD        FIRE

  -------         MODULE        SONAR2
  C:0000H         SYMBOL        _ICE_DUMMY_
  D:0008H         PUBLIC        distance1
  D:00A0H         PUBLIC        P2
  D:000AH         SYMBOL        distance2
BL51 BANKED LINKER/LOCATER V6.22                                                      04/02/2022  19:12:32  PAGE 12


  D:000CH         SYMBOL        distance3
  B:00A8H.7       PUBLIC        EA
  B:00A0H.1       PUBLIC        Echo1
  B:00A0H.3       PUBLIC        Echo2
  B:00A0H.5       PUBLIC        Echo3
  D:0089H         PUBLIC        TMOD
  B:00A0H.0       PUBLIC        Trig1
  B:00A0H.2       PUBLIC        Trig2
  B:00A0H.4       PUBLIC        Trig3
  D:008DH         PUBLIC        TH1
  D:008BH         PUBLIC        TL1
  B:0088H.6       PUBLIC        TR1
  C:02FAH         PUBLIC        sonar2
  D:000EH         SYMBOL        j
  D:0010H         SYMBOL        k
  D:0012H         SYMBOL        l
  C:09A1H         PUBLIC        Delay15us2
  -------         PROC          DELAY15US2
  -------         DO            
  D:0007H         SYMBOL        i
  -------         ENDDO         
  C:09A1H         LINE#         20
  C:09A1H         LINE#         21
  C:09A1H         LINE#         24
  C:09A2H         LINE#         25
  C:09A4H         LINE#         26
  C:09A6H         LINE#         27
  -------         ENDPROC       DELAY15US2
  -------         PROC          SONAR2
  C:02FAH         LINE#         31
  C:02FAH         LINE#         32
  C:02FAH         LINE#         33
  C:02FDH         LINE#         34
  C:0300H         LINE#         35
  C:0302H         LINE#         36
  C:0304H         LINE#         40
  C:0306H         LINE#         41
  C:0309H         LINE#         42
  C:030BH         LINE#         43
  C:030EH         LINE#         44
  C:0310H         LINE#         45
  C:0313H         LINE#         46
  C:0313H         LINE#         47
  C:0315H         LINE#         48
  C:0342H         LINE#         49
  C:0345H         LINE#         50
  C:0347H         LINE#         51
  C:0347H         LINE#         54
  C:0349H         LINE#         55
  C:034CH         LINE#         56
  C:034EH         LINE#         57
  C:0351H         LINE#         58
  C:0353H         LINE#         59
  C:0356H         LINE#         60
  C:0356H         LINE#         61
  C:0358H         LINE#         62
  C:0385H         LINE#         63
BL51 BANKED LINKER/LOCATER V6.22                                                      04/02/2022  19:12:32  PAGE 13


  C:0388H         LINE#         64
  C:038AH         LINE#         65
  C:038AH         LINE#         68
  C:038CH         LINE#         69
  C:038FH         LINE#         70
  C:0391H         LINE#         71
  C:0394H         LINE#         72
  C:0396H         LINE#         73
  C:0399H         LINE#         74
  C:0399H         LINE#         75
  C:039BH         LINE#         76
  C:03C8H         LINE#         77
  C:03CBH         LINE#         78
  C:03CDH         LINE#         79
  C:03CDH         LINE#         83
  C:03FDH         LINE#         84
  C:03FDH         LINE#         85
  C:0408H         LINE#         86
  C:0422H         LINE#         87
  C:0437H         LINE#         88
  C:0456H         LINE#         90
  C:0461H         LINE#         91
  C:047EH         LINE#         92
  C:048CH         LINE#         93
  C:049CH         LINE#         94
  C:049DH         LINE#         96
  C:049DH         LINE#         97
  C:04A8H         LINE#         98
  C:04C6H         LINE#         99
  C:04D1H         LINE#         100
  C:04E2H         LINE#         102
  C:04E2H         LINE#         103
  C:04F8H         LINE#         104
  C:0516H         LINE#         105
  C:052AH         LINE#         106
  C:052AH         LINE#         107
  C:053EH         LINE#         108
  C:054FH         LINE#         110
  C:056DH         LINE#         111
  C:056DH         LINE#         112
  C:056DH         LINE#         113
  C:056DH         LINE#         115
  -------         ENDPROC       SONAR2
  -------         ENDMOD        SONAR2

  -------         MODULE        ?C?FPMUL
  C:000EH         PUBLIC        ?C?FPMUL
  -------         ENDMOD        ?C?FPMUL

  -------         MODULE        ?C?FPDIV
  C:0117H         PUBLIC        ?C?FPDIV
  -------         ENDMOD        ?C?FPDIV

  -------         MODULE        ?C?FPCMP
  C:01B6H         PUBLIC        ?C?FPCMP
  C:01B4H         PUBLIC        ?C?FPCMP3
  -------         ENDMOD        ?C?FPCMP
BL51 BANKED LINKER/LOCATER V6.22                                                      04/02/2022  19:12:32  PAGE 14



  -------         MODULE        ?C?FCAST
  C:0237H         PUBLIC        ?C?FCASTC
  C:0232H         PUBLIC        ?C?FCASTI
  C:022DH         PUBLIC        ?C?FCASTL
  -------         ENDMOD        ?C?FCAST

  -------         MODULE        ?C?CASTF
  C:026BH         PUBLIC        ?C?CASTF
  -------         ENDMOD        ?C?CASTF

  -------         MODULE        ?C?LNEG
  C:02ECH         PUBLIC        ?C?LNEG
  -------         ENDMOD        ?C?LNEG

Program Size: data=33.0 xdata=0 code=2539
LINK/LOCATE RUN COMPLETE.  0 WARNING(S),  0 ERROR(S)
