BL51 BANKED LINKER/LOCATER V6.22                                                        04/02/2022  14:56:23  PAGE 1


BL51 BANKED LINKER/LOCATER V6.22, INVOKED BY:
E:\KEIL5\C51\BIN\BL51.EXE .\Objects\main.obj, .\Objects\wheel.obj, .\Objects\run.obj, .\Objects\Delay.obj, .\Objects\son
>> ar.obj, .\Objects\fan.obj, .\Objects\fire.obj TO .\Objects\USER PRINT (.\Listings\USER.m51) RAMSIZE (256) DISABLEWARN
>> ING (16)


MEMORY MODEL: SMALL WITH FLOATING POINT ARITHMETIC


INPUT MODULES INCLUDED:
  .\Objects\main.obj (MAIN)
  .\Objects\wheel.obj (WHEEL)
  .\Objects\run.obj (RUN)
  .\Objects\Delay.obj (DELAY)
  .\Objects\sonar.obj (SONAR)
  .\Objects\fan.obj (FAN)
  .\Objects\fire.obj (FIRE)
  E:\KEIL5\C51\LIB\C51FPS.LIB (?C?FPMUL)
  E:\KEIL5\C51\LIB\C51FPS.LIB (?C?FPDIV)
  E:\KEIL5\C51\LIB\C51FPS.LIB (?C?FPCMP)
  E:\KEIL5\C51\LIB\C51FPS.LIB (?C?FCAST)
  E:\KEIL5\C51\LIB\C51FPS.LIB (?C?CASTF)
  E:\KEIL5\C51\LIB\C51FPS.LIB (?C?FPGETOPN)
  E:\KEIL5\C51\LIB\C51S.LIB (?C_STARTUP)
  E:\KEIL5\C51\LIB\C51S.LIB (?C?LNEG)


LINK MAP OF MODULE:  .\Objects\USER (MAIN)


            TYPE    BASE      LENGTH    RELOCATION   SEGMENT NAME
            -----------------------------------------------------

            * * * * * * *   D A T A   M E M O R Y   * * * * * * *
            REG     0000H     0008H     ABSOLUTE     "REG BANK 0"
            DATA    0008H     0006H     UNIT         ?DT?SONAR
            DATA    000EH     0002H     UNIT         ?DT?RUN
            IDATA   0010H     0001H     UNIT         ?STACK

            * * * * * * *   C O D E   M E M O R Y   * * * * * * *
            CODE    0000H     0003H     ABSOLUTE     
            CODE    0003H     0006H     UNIT         ?PR?DELAY15US?SONAR
                    0009H     0002H                  *** GAP ***
            CODE    000BH     0003H     ABSOLUTE     
            CODE    000EH     02ECH     UNIT         ?C?LIB_CODE
            CODE    02FAH     01A4H     UNIT         ?PR?SONAR?SONAR
            CODE    049EH     009DH     UNIT         ?PR?FIRE?FIRE
            CODE    053BH     0034H     UNIT         ?PR?TIMER0_ROUTINE?RUN
            CODE    056FH     0015H     UNIT         ?PR?_DELAY?DELAY
            CODE    0584H     0014H     UNIT         ?PR?TIMER_INIT?RUN
            CODE    0598H     0011H     UNIT         ?PR?MAIN?MAIN
            CODE    05A9H     000FH     UNIT         ?PR?CAR_GO?RUN
            CODE    05B8H     000FH     UNIT         ?PR?CAR_BACK?RUN
            CODE    05C7H     000FH     UNIT         ?PR?CAR_STOP?RUN
            CODE    05D6H     000FH     UNIT         ?PR?CAR_LEFTGO?RUN
            CODE    05E5H     000FH     UNIT         ?PR?CAR_RIGHTGO?RUN
            CODE    05F4H     000FH     UNIT         ?PR?CAR_RIGHTBACK?RUN
            CODE    0603H     000FH     UNIT         ?PR?CAR_LEFTBACK?RUN
BL51 BANKED LINKER/LOCATER V6.22                                                      04/02/2022  14:56:23  PAGE 2


            CODE    0612H     000FH     UNIT         ?PR?CAR_LEFTSTOP?RUN
            CODE    0621H     000FH     UNIT         ?PR?CAR_RIGHTSTOP?RUN
            CODE    0630H     000CH     UNIT         ?C_C51STARTUP
            CODE    063CH     0005H     UNIT         ?PR?LF_MOTOR_GO?WHEEL
            CODE    0641H     0005H     UNIT         ?PR?LF_MOTOR_STOP?WHEEL
            CODE    0646H     0005H     UNIT         ?PR?LF_MOTOR_BACK?WHEEL
            CODE    064BH     0005H     UNIT         ?PR?RF_MOTOR_GO?WHEEL
            CODE    0650H     0005H     UNIT         ?PR?RF_MOTOR_STOP?WHEEL
            CODE    0655H     0005H     UNIT         ?PR?RF_MOTOR_BACK?WHEEL
            CODE    065AH     0005H     UNIT         ?PR?LR_MOTOR_GO?WHEEL
            CODE    065FH     0005H     UNIT         ?PR?LR_MOTOR_STOP?WHEEL
            CODE    0664H     0005H     UNIT         ?PR?LR_MOTOR_BACK?WHEEL
            CODE    0669H     0005H     UNIT         ?PR?RR_MOTOR_GO?WHEEL
            CODE    066EH     0005H     UNIT         ?PR?RR_MOTOR_STOP?WHEEL
            CODE    0673H     0005H     UNIT         ?PR?RR_MOTOR_BACK?WHEEL
            CODE    0678H     0005H     UNIT         ?PR?FAN_ON?FAN
            CODE    067DH     0005H     UNIT         ?PR?FAN_OFF?FAN



OVERLAY MAP OF MODULE:   .\Objects\USER (MAIN)


SEGMENT
  +--> CALLED SEGMENT
---------------------
?C_C51STARTUP
  +--> ?PR?MAIN?MAIN

?PR?MAIN?MAIN
  +--> ?PR?FAN_OFF?FAN
  +--> ?PR?TIMER_INIT?RUN
  +--> ?PR?CAR_GO?RUN
  +--> ?PR?SONAR?SONAR
  +--> ?PR?FIRE?FIRE

?PR?CAR_GO?RUN
  +--> ?PR?LF_MOTOR_GO?WHEEL
  +--> ?PR?RF_MOTOR_GO?WHEEL
  +--> ?PR?LR_MOTOR_GO?WHEEL
  +--> ?PR?RR_MOTOR_GO?WHEEL

?PR?SONAR?SONAR
  +--> ?PR?DELAY15US?SONAR
  +--> ?PR?CAR_STOP?RUN
  +--> ?PR?_DELAY?DELAY
  +--> ?PR?CAR_LEFTSTOP?RUN
  +--> ?PR?CAR_LEFTGO?RUN
  +--> ?PR?CAR_GO?RUN
  +--> ?PR?CAR_RIGHTGO?RUN

?PR?CAR_STOP?RUN
  +--> ?PR?LF_MOTOR_STOP?WHEEL
  +--> ?PR?RF_MOTOR_STOP?WHEEL
  +--> ?PR?LR_MOTOR_STOP?WHEEL
  +--> ?PR?RR_MOTOR_STOP?WHEEL

BL51 BANKED LINKER/LOCATER V6.22                                                      04/02/2022  14:56:23  PAGE 3


?PR?CAR_LEFTSTOP?RUN
  +--> ?PR?LF_MOTOR_GO?WHEEL
  +--> ?PR?RF_MOTOR_BACK?WHEEL
  +--> ?PR?LR_MOTOR_GO?WHEEL
  +--> ?PR?RR_MOTOR_BACK?WHEEL

?PR?CAR_LEFTGO?RUN
  +--> ?PR?LF_MOTOR_GO?WHEEL
  +--> ?PR?RF_MOTOR_STOP?WHEEL
  +--> ?PR?LR_MOTOR_GO?WHEEL
  +--> ?PR?RR_MOTOR_STOP?WHEEL

?PR?CAR_RIGHTGO?RUN
  +--> ?PR?LF_MOTOR_STOP?WHEEL
  +--> ?PR?RF_MOTOR_GO?WHEEL
  +--> ?PR?LR_MOTOR_STOP?WHEEL
  +--> ?PR?RR_MOTOR_GO?WHEEL

?PR?FIRE?FIRE
  +--> ?PR?CAR_STOP?RUN
  +--> ?PR?FAN_ON?FAN
  +--> ?PR?_DELAY?DELAY
  +--> ?PR?CAR_LEFTSTOP?RUN
  +--> ?PR?FAN_OFF?FAN
  +--> ?PR?CAR_RIGHTSTOP?RUN

?PR?CAR_RIGHTSTOP?RUN
  +--> ?PR?LF_MOTOR_BACK?WHEEL
  +--> ?PR?RF_MOTOR_GO?WHEEL
  +--> ?PR?LR_MOTOR_BACK?WHEEL
  +--> ?PR?RR_MOTOR_GO?WHEEL



SYMBOL TABLE OF MODULE:  .\Objects\USER (MAIN)

  VALUE           TYPE          NAME
  ----------------------------------

  -------         MODULE        MAIN
  C:0000H         SYMBOL        _ICE_DUMMY_
  C:0598H         PUBLIC        main
  -------         PROC          MAIN
  C:0598H         LINE#         7
  C:0598H         LINE#         8
  C:0598H         LINE#         9
  C:059BH         LINE#         10
  C:059EH         LINE#         11
  C:05A1H         LINE#         12
  C:05A1H         LINE#         13
  C:05A1H         LINE#         14
  C:05A4H         LINE#         15
  C:05A7H         LINE#         16
  -------         ENDPROC       MAIN
  -------         ENDMOD        MAIN

  -------         MODULE        WHEEL
BL51 BANKED LINKER/LOCATER V6.22                                                      04/02/2022  14:56:23  PAGE 4


  C:0000H         SYMBOL        _ICE_DUMMY_
  D:0080H         PUBLIC        P0
  D:00B0H         PUBLIC        P3
  C:0646H         PUBLIC        LF_motor_back
  C:0655H         PUBLIC        RF_motor_back
  C:0664H         PUBLIC        LR_motor_back
  C:0673H         PUBLIC        RR_motor_back
  C:0641H         PUBLIC        LF_motor_stop
  C:0650H         PUBLIC        RF_motor_stop
  C:065FH         PUBLIC        LR_motor_stop
  C:063CH         PUBLIC        LF_motor_go
  C:066EH         PUBLIC        RR_motor_stop
  C:064BH         PUBLIC        RF_motor_go
  C:065AH         PUBLIC        LR_motor_go
  C:0669H         PUBLIC        RR_motor_go
  B:0080H.5       PUBLIC        IN11
  B:00B0H.5       PUBLIC        IN21
  B:0080H.6       PUBLIC        IN12
  B:00B0H.6       PUBLIC        IN22
  B:0080H.3       PUBLIC        IN13
  B:00B0H.3       PUBLIC        IN23
  B:0080H.4       PUBLIC        IN14
  B:00B0H.4       PUBLIC        IN24
  -------         PROC          LF_MOTOR_GO
  C:063CH         LINE#         19
  C:063CH         LINE#         20
  -------         ENDPROC       LF_MOTOR_GO
  -------         PROC          LF_MOTOR_STOP
  C:0641H         LINE#         21
  C:0641H         LINE#         22
  -------         ENDPROC       LF_MOTOR_STOP
  -------         PROC          LF_MOTOR_BACK
  C:0646H         LINE#         23
  C:0646H         LINE#         24
  -------         ENDPROC       LF_MOTOR_BACK
  -------         PROC          RF_MOTOR_GO
  C:064BH         LINE#         25
  C:064BH         LINE#         26
  -------         ENDPROC       RF_MOTOR_GO
  -------         PROC          RF_MOTOR_STOP
  C:0650H         LINE#         27
  C:0650H         LINE#         28
  -------         ENDPROC       RF_MOTOR_STOP
  -------         PROC          RF_MOTOR_BACK
  C:0655H         LINE#         29
  C:0655H         LINE#         30
  -------         ENDPROC       RF_MOTOR_BACK
  -------         PROC          LR_MOTOR_GO
  C:065AH         LINE#         31
  C:065AH         LINE#         32
  -------         ENDPROC       LR_MOTOR_GO
  -------         PROC          LR_MOTOR_STOP
  C:065FH         LINE#         33
  C:065FH         LINE#         34
  -------         ENDPROC       LR_MOTOR_STOP
  -------         PROC          LR_MOTOR_BACK
  C:0664H         LINE#         35
BL51 BANKED LINKER/LOCATER V6.22                                                      04/02/2022  14:56:23  PAGE 5


  C:0664H         LINE#         36
  -------         ENDPROC       LR_MOTOR_BACK
  -------         PROC          RR_MOTOR_GO
  C:0669H         LINE#         37
  C:0669H         LINE#         38
  -------         ENDPROC       RR_MOTOR_GO
  -------         PROC          RR_MOTOR_STOP
  C:066EH         LINE#         39
  C:066EH         LINE#         40
  -------         ENDPROC       RR_MOTOR_STOP
  -------         PROC          RR_MOTOR_BACK
  C:0673H         LINE#         41
  C:0673H         LINE#         42
  -------         ENDPROC       RR_MOTOR_BACK
  -------         ENDMOD        WHEEL

  -------         MODULE        RUN
  C:0000H         SYMBOL        _ICE_DUMMY_
  C:053BH         PUBLIC        Timer0_Routine
  D:0080H         PUBLIC        P0
  C:0621H         PUBLIC        car_rightstop
  D:00B0H         PUBLIC        P3
  B:0080H.7       PUBLIC        EN1A
  B:00A8H.7       PUBLIC        EA
  B:00B0H.7       PUBLIC        EN2A
  B:0080H.2       PUBLIC        EN1B
  B:00B0H.2       PUBLIC        EN2B
  C:0612H         PUBLIC        car_leftstop
  C:05E5H         PUBLIC        car_rightgo
  D:000EH         PUBLIC        speed
  C:05D6H         PUBLIC        car_leftgo
  C:05B8H         PUBLIC        car_back
  D:0089H         PUBLIC        TMOD
  D:000FH         PUBLIC        counter1
  B:00A8H.1       PUBLIC        ET0
  B:0088H.5       PUBLIC        TF0
  D:008CH         PUBLIC        TH0
  C:05F4H         PUBLIC        car_rightback
  D:008AH         PUBLIC        TL0
  B:00B8H.1       PUBLIC        PT0
  B:0088H.4       PUBLIC        TR0
  C:0603H         PUBLIC        car_leftback
  C:05C7H         PUBLIC        car_stop
  C:05A9H         PUBLIC        car_go
  C:0584H         PUBLIC        Timer_Init
  -------         PROC          TIMER_INIT
  C:0584H         LINE#         15
  C:0584H         LINE#         16
  C:0584H         LINE#         17
  C:0587H         LINE#         18
  C:058AH         LINE#         19
  C:058DH         LINE#         20
  C:058FH         LINE#         21
  C:0591H         LINE#         22
  C:0593H         LINE#         23
  C:0595H         LINE#         24
  C:0597H         LINE#         25
BL51 BANKED LINKER/LOCATER V6.22                                                      04/02/2022  14:56:23  PAGE 6


  -------         ENDPROC       TIMER_INIT
  -------         PROC          TIMER0_ROUTINE
  C:053BH         LINE#         27
  C:053FH         LINE#         29
  C:0542H         LINE#         30
  C:0545H         LINE#         32
  C:0547H         LINE#         33
  C:054EH         LINE#         34
  C:054EH         LINE#         35
  C:0551H         LINE#         36
  C:0551H         LINE#         38
  C:0558H         LINE#         39
  C:0558H         LINE#         40
  C:055AH         LINE#         41
  C:055CH         LINE#         42
  C:055EH         LINE#         43
  C:0560H         LINE#         44
  C:0562H         LINE#         47
  C:0562H         LINE#         48
  C:0564H         LINE#         49
  C:0566H         LINE#         50
  C:0568H         LINE#         51
  C:056AH         LINE#         52
  C:056AH         LINE#         53
  -------         ENDPROC       TIMER0_ROUTINE
  -------         PROC          CAR_GO
  C:05A9H         LINE#         57
  C:05A9H         LINE#         58
  C:05A9H         LINE#         59
  C:05ACH         LINE#         60
  C:05AFH         LINE#         61
  C:05B2H         LINE#         62
  C:05B5H         LINE#         63
  -------         ENDPROC       CAR_GO
  -------         PROC          CAR_BACK
  C:05B8H         LINE#         65
  C:05B8H         LINE#         66
  C:05B8H         LINE#         67
  C:05BBH         LINE#         68
  C:05BEH         LINE#         69
  C:05C1H         LINE#         70
  C:05C4H         LINE#         71
  -------         ENDPROC       CAR_BACK
  -------         PROC          CAR_STOP
  C:05C7H         LINE#         73
  C:05C7H         LINE#         74
  C:05C7H         LINE#         75
  C:05CAH         LINE#         76
  C:05CDH         LINE#         77
  C:05D0H         LINE#         78
  C:05D3H         LINE#         79
  -------         ENDPROC       CAR_STOP
  -------         PROC          CAR_LEFTGO
  C:05D6H         LINE#         81
  C:05D6H         LINE#         82
  C:05D6H         LINE#         83
  C:05D9H         LINE#         84
BL51 BANKED LINKER/LOCATER V6.22                                                      04/02/2022  14:56:23  PAGE 7


  C:05DCH         LINE#         85
  C:05DFH         LINE#         86
  C:05E2H         LINE#         87
  -------         ENDPROC       CAR_LEFTGO
  -------         PROC          CAR_RIGHTGO
  C:05E5H         LINE#         89
  C:05E5H         LINE#         90
  C:05E5H         LINE#         91
  C:05E8H         LINE#         92
  C:05EBH         LINE#         93
  C:05EEH         LINE#         94
  C:05F1H         LINE#         95
  -------         ENDPROC       CAR_RIGHTGO
  -------         PROC          CAR_RIGHTBACK
  C:05F4H         LINE#         97
  C:05F4H         LINE#         98
  C:05F4H         LINE#         99
  C:05F7H         LINE#         100
  C:05FAH         LINE#         101
  C:05FDH         LINE#         102
  C:0600H         LINE#         103
  -------         ENDPROC       CAR_RIGHTBACK
  -------         PROC          CAR_LEFTBACK
  C:0603H         LINE#         105
  C:0603H         LINE#         106
  C:0603H         LINE#         107
  C:0606H         LINE#         108
  C:0609H         LINE#         109
  C:060CH         LINE#         110
  C:060FH         LINE#         111
  -------         ENDPROC       CAR_LEFTBACK
  -------         PROC          CAR_LEFTSTOP
  C:0612H         LINE#         113
  C:0612H         LINE#         114
  C:0612H         LINE#         115
  C:0615H         LINE#         116
  C:0618H         LINE#         117
  C:061BH         LINE#         118
  C:061EH         LINE#         119
  -------         ENDPROC       CAR_LEFTSTOP
  -------         PROC          CAR_RIGHTSTOP
  C:0621H         LINE#         121
  C:0621H         LINE#         122
  C:0621H         LINE#         123
  C:0624H         LINE#         124
  C:0627H         LINE#         125
  C:062AH         LINE#         126
  C:062DH         LINE#         127
  -------         ENDPROC       CAR_RIGHTSTOP
  -------         ENDMOD        RUN

  -------         MODULE        DELAY
  C:0000H         SYMBOL        _ICE_DUMMY_
  C:056FH         PUBLIC        _Delay
  -------         PROC          _DELAY
  D:0006H         SYMBOL        xms
  -------         DO            
BL51 BANKED LINKER/LOCATER V6.22                                                      04/02/2022  14:56:23  PAGE 8


  D:0005H         SYMBOL        i
  D:0004H         SYMBOL        j
  -------         ENDDO         
  C:056FH         LINE#         1
  C:056FH         LINE#         2
  C:056FH         LINE#         4
  C:0579H         LINE#         5
  C:0579H         LINE#         6
  C:057BH         LINE#         7
  C:057DH         LINE#         9
  C:057DH         LINE#         10
  C:057FH         LINE#         11
  C:0581H         LINE#         12
  C:0583H         LINE#         14
  -------         ENDPROC       _DELAY
  -------         ENDMOD        DELAY

  -------         MODULE        SONAR
  C:0000H         SYMBOL        _ICE_DUMMY_
  D:0008H         PUBLIC        distance1
  D:00A0H         PUBLIC        P2
  D:000AH         PUBLIC        distance2
  D:000CH         PUBLIC        distance3
  B:00A8H.7       PUBLIC        EA
  C:02FAH         PUBLIC        sonar
  B:00A0H.1       PUBLIC        Echo1
  B:00A0H.3       PUBLIC        Echo2
  B:00A0H.5       PUBLIC        Echo3
  D:0089H         PUBLIC        TMOD
  C:0003H         PUBLIC        Delay15us
  B:00A0H.0       PUBLIC        Trig1
  B:00A0H.2       PUBLIC        Trig2
  B:00A0H.4       PUBLIC        Trig3
  D:008DH         PUBLIC        TH1
  D:008BH         PUBLIC        TL1
  B:0088H.6       PUBLIC        TR1
  -------         PROC          DELAY15US
  -------         DO            
  D:0007H         SYMBOL        i
  -------         ENDDO         
  C:0003H         LINE#         20
  C:0003H         LINE#         21
  C:0003H         LINE#         24
  C:0004H         LINE#         25
  C:0006H         LINE#         26
  C:0008H         LINE#         27
  -------         ENDPROC       DELAY15US
  -------         PROC          SONAR
  C:02FAH         LINE#         31
  C:02FAH         LINE#         32
  C:02FAH         LINE#         33
  C:02FDH         LINE#         34
  C:0300H         LINE#         35
  C:0302H         LINE#         36
  C:0304H         LINE#         40
  C:0306H         LINE#         41
  C:0309H         LINE#         42
BL51 BANKED LINKER/LOCATER V6.22                                                      04/02/2022  14:56:23  PAGE 9


  C:030BH         LINE#         43
  C:030EH         LINE#         44
  C:0310H         LINE#         45
  C:0313H         LINE#         46
  C:0313H         LINE#         47
  C:0315H         LINE#         48
  C:0342H         LINE#         49
  C:0345H         LINE#         50
  C:0347H         LINE#         51
  C:0347H         LINE#         54
  C:0349H         LINE#         55
  C:034CH         LINE#         56
  C:034EH         LINE#         57
  C:0351H         LINE#         58
  C:0353H         LINE#         59
  C:0356H         LINE#         60
  C:0356H         LINE#         61
  C:0358H         LINE#         62
  C:0385H         LINE#         63
  C:0388H         LINE#         64
  C:038AH         LINE#         65
  C:038AH         LINE#         68
  C:038CH         LINE#         69
  C:038FH         LINE#         70
  C:0391H         LINE#         71
  C:0394H         LINE#         72
  C:0396H         LINE#         73
  C:0399H         LINE#         74
  C:0399H         LINE#         75
  C:039BH         LINE#         76
  C:03C8H         LINE#         77
  C:03CBH         LINE#         78
  C:03CDH         LINE#         79
  C:03CDH         LINE#         83
  C:03D8H         LINE#         84
  C:03F6H         LINE#         85
  C:0401H         LINE#         86
  C:0412H         LINE#         88
  C:0412H         LINE#         90
  C:0428H         LINE#         91
  C:0446H         LINE#         92
  C:045AH         LINE#         93
  C:045AH         LINE#         95
  C:046EH         LINE#         96
  C:047FH         LINE#         98
  C:049DH         LINE#         99
  C:049DH         LINE#         100
  C:049DH         LINE#         101
  -------         ENDPROC       SONAR
  -------         ENDMOD        SONAR

  -------         MODULE        FAN
  C:0000H         SYMBOL        _ICE_DUMMY_
  D:0090H         PUBLIC        P1
  C:067DH         PUBLIC        fan_off
  B:0090H.0       PUBLIC        fan1
  B:0090H.1       PUBLIC        fan2
BL51 BANKED LINKER/LOCATER V6.22                                                      04/02/2022  14:56:23  PAGE 10


  C:0678H         PUBLIC        fan_on
  -------         PROC          FAN_ON
  C:0678H         LINE#         8
  C:0678H         LINE#         9
  C:0678H         LINE#         10
  C:067AH         LINE#         11
  C:067CH         LINE#         12
  -------         ENDPROC       FAN_ON
  -------         PROC          FAN_OFF
  C:067DH         LINE#         14
  C:067DH         LINE#         15
  C:067DH         LINE#         16
  C:067FH         LINE#         17
  C:0681H         LINE#         18
  -------         ENDPROC       FAN_OFF
  -------         ENDMOD        FAN

  -------         MODULE        FIRE
  C:0000H         SYMBOL        _ICE_DUMMY_
  D:0090H         PUBLIC        P1
  C:049EH         PUBLIC        fire
  B:0090H.2       PUBLIC        DO1
  B:0090H.3       PUBLIC        DO2
  B:0090H.4       PUBLIC        DO3
  -------         PROC          FIRE
  C:049EH         LINE#         10
  C:049EH         LINE#         11
  C:049EH         LINE#         12
  C:04A1H         LINE#         13
  C:04A1H         LINE#         14
  C:04A4H         LINE#         15
  C:04A7H         LINE#         16
  C:04AEH         LINE#         17
  C:04AEH         LINE#         18
  C:04AEH         LINE#         19
  C:04AEH         LINE#         20
  C:04AEH         LINE#         21
  C:04AEH         LINE#         22
  C:04B0H         LINE#         23
  C:04B3H         LINE#         24
  C:04B3H         LINE#         25
  C:04B6H         LINE#         26
  C:04BDH         LINE#         27
  C:04C0H         LINE#         28
  C:04C5H         LINE#         29
  C:04C8H         LINE#         30
  C:04CBH         LINE#         31
  C:04D2H         LINE#         32
  C:04D5H         LINE#         33
  C:04DEH         LINE#         34
  C:04E1H         LINE#         35
  C:04E4H         LINE#         36
  C:04EBH         LINE#         37
  C:04EEH         LINE#         38
  C:04F5H         LINE#         39
  C:04F5H         LINE#         40
  C:04F8H         LINE#         41
BL51 BANKED LINKER/LOCATER V6.22                                                      04/02/2022  14:56:23  PAGE 11


  C:04F8H         LINE#         42
  C:04FBH         LINE#         43
  C:0502H         LINE#         44
  C:0505H         LINE#         45
  C:050AH         LINE#         46
  C:050DH         LINE#         47
  C:0510H         LINE#         48
  C:0517H         LINE#         49
  C:051AH         LINE#         50
  C:0523H         LINE#         51
  C:0526H         LINE#         52
  C:0529H         LINE#         53
  C:0530H         LINE#         54
  C:0533H         LINE#         55
  C:053AH         LINE#         56
  C:053AH         LINE#         57
  -------         ENDPROC       FIRE
  -------         ENDMOD        FIRE

  -------         MODULE        ?C?FPMUL
  C:000EH         PUBLIC        ?C?FPMUL
  -------         ENDMOD        ?C?FPMUL

  -------         MODULE        ?C?FPDIV
  C:0117H         PUBLIC        ?C?FPDIV
  -------         ENDMOD        ?C?FPDIV

  -------         MODULE        ?C?FPCMP
  C:01B6H         PUBLIC        ?C?FPCMP
  C:01B4H         PUBLIC        ?C?FPCMP3
  -------         ENDMOD        ?C?FPCMP

  -------         MODULE        ?C?FCAST
  C:0237H         PUBLIC        ?C?FCASTC
  C:0232H         PUBLIC        ?C?FCASTI
  C:022DH         PUBLIC        ?C?FCASTL
  -------         ENDMOD        ?C?FCAST

  -------         MODULE        ?C?CASTF
  C:026BH         PUBLIC        ?C?CASTF
  -------         ENDMOD        ?C?CASTF

  -------         MODULE        ?C?LNEG
  C:02ECH         PUBLIC        ?C?LNEG
  -------         ENDMOD        ?C?LNEG

Program Size: data=17.0 xdata=0 code=1664
LINK/LOCATE RUN COMPLETE.  0 WARNING(S),  0 ERROR(S)
