BL51 BANKED LINKER/LOCATER V6.22                                                        03/24/2022  21:01:14  PAGE 1


BL51 BANKED LINKER/LOCATER V6.22, INVOKED BY:
E:\KEIL5\C51\BIN\BL51.EXE .\Objects\main.obj, .\Objects\wheel.obj, .\Objects\run.obj, .\Objects\Delay.obj TO .\Objects\U
>> SER PRINT (.\Listings\USER.m51) RAMSIZE (256)


MEMORY MODEL: SMALL


INPUT MODULES INCLUDED:
  .\Objects\main.obj (MAIN)
  .\Objects\wheel.obj (WHEEL)
  .\Objects\run.obj (RUN)
  .\Objects\Delay.obj (DELAY)
  E:\KEIL5\C51\LIB\C51S.LIB (?C_STARTUP)


LINK MAP OF MODULE:  .\Objects\USER (MAIN)


            TYPE    BASE      LENGTH    RELOCATION   SEGMENT NAME
            -----------------------------------------------------

            * * * * * * *   D A T A   M E M O R Y   * * * * * * *
            REG     0000H     0008H     ABSOLUTE     "REG BANK 0"
            DATA    0008H     0002H     UNIT         ?DT?RUN
            IDATA   000AH     0001H     UNIT         ?STACK

            * * * * * * *   C O D E   M E M O R Y   * * * * * * *
            CODE    0000H     0003H     ABSOLUTE     
            CODE    0003H     0008H     UNIT         ?PR?MAIN?MAIN
            CODE    000BH     0003H     ABSOLUTE     
            CODE    000EH     0034H     UNIT         ?PR?TIMER0_ROUTINE?RUN
            CODE    0042H     0015H     UNIT         ?PR?_DELAY?DELAY
            CODE    0057H     0014H     UNIT         ?PR?TIMER0_INIT?RUN
            CODE    006BH     000FH     UNIT         ?PR?CAR_GO?RUN
            CODE    007AH     000FH     UNIT         ?PR?CAR_BACK?RUN
            CODE    0089H     000FH     UNIT         ?PR?CAR_STOP?RUN
            CODE    0098H     000FH     UNIT         ?PR?CAR_RIGHTGO?RUN
            CODE    00A7H     000FH     UNIT         ?PR?CAR_LEFTGO?RUN
            CODE    00B6H     000FH     UNIT         ?PR?CAR_RIGHTBACK?RUN
            CODE    00C5H     000FH     UNIT         ?PR?CAR_LEFTBACK?RUN
            CODE    00D4H     000FH     UNIT         ?PR?CAR_RIGHTSTOP?RUN
            CODE    00E3H     000FH     UNIT         ?PR?CAR_LEFTSTOP?RUN
            CODE    00F2H     000CH     UNIT         ?C_C51STARTUP
            CODE    00FEH     0005H     UNIT         ?PR?LF_MOTOR_GO?WHEEL
            CODE    0103H     0005H     UNIT         ?PR?LF_MOTOR_STOP?WHEEL
            CODE    0108H     0005H     UNIT         ?PR?LF_MOTOR_BACK?WHEEL
            CODE    010DH     0005H     UNIT         ?PR?RF_MOTOR_GO?WHEEL
            CODE    0112H     0005H     UNIT         ?PR?RF_MOTOR_STOP?WHEEL
            CODE    0117H     0005H     UNIT         ?PR?RF_MOTOR_BACK?WHEEL
            CODE    011CH     0005H     UNIT         ?PR?LR_MOTOR_GO?WHEEL
            CODE    0121H     0005H     UNIT         ?PR?LR_MOTOR_STOP?WHEEL
            CODE    0126H     0005H     UNIT         ?PR?LR_MOTOR_BACK?WHEEL
            CODE    012BH     0005H     UNIT         ?PR?RR_MOTOR_GO?WHEEL
            CODE    0130H     0005H     UNIT         ?PR?RR_MOTOR_STOP?WHEEL
            CODE    0135H     0005H     UNIT         ?PR?RR_MOTOR_BACK?WHEEL


BL51 BANKED LINKER/LOCATER V6.22                                                      03/24/2022  21:01:14  PAGE 2



OVERLAY MAP OF MODULE:   .\Objects\USER (MAIN)


SEGMENT
  +--> CALLED SEGMENT
---------------------
?C_C51STARTUP
  +--> ?PR?MAIN?MAIN

?PR?MAIN?MAIN
  +--> ?PR?TIMER0_INIT?RUN
  +--> ?PR?CAR_GO?RUN

?PR?CAR_GO?RUN
  +--> ?PR?LF_MOTOR_GO?WHEEL
  +--> ?PR?RF_MOTOR_GO?WHEEL
  +--> ?PR?LR_MOTOR_GO?WHEEL
  +--> ?PR?RR_MOTOR_GO?WHEEL



SYMBOL TABLE OF MODULE:  .\Objects\USER (MAIN)

  VALUE           TYPE          NAME
  ----------------------------------

  -------         MODULE        MAIN
  C:0000H         SYMBOL        _ICE_DUMMY_
  C:0003H         PUBLIC        main
  -------         PROC          MAIN
  C:0003H         LINE#         4
  C:0003H         LINE#         5
  C:0003H         LINE#         6
  C:0006H         LINE#         7
  C:0006H         LINE#         8
  C:0006H         LINE#         9
  C:0009H         LINE#         10
  -------         ENDPROC       MAIN
  -------         ENDMOD        MAIN

  -------         MODULE        WHEEL
  C:0000H         SYMBOL        _ICE_DUMMY_
  D:0080H         PUBLIC        P0
  D:00B0H         PUBLIC        P3
  C:0108H         PUBLIC        LF_motor_back
  C:0117H         PUBLIC        RF_motor_back
  C:0126H         PUBLIC        LR_motor_back
  C:0135H         PUBLIC        RR_motor_back
  C:0103H         PUBLIC        LF_motor_stop
  C:0112H         PUBLIC        RF_motor_stop
  C:0121H         PUBLIC        LR_motor_stop
  C:00FEH         PUBLIC        LF_motor_go
  C:0130H         PUBLIC        RR_motor_stop
  C:010DH         PUBLIC        RF_motor_go
  C:011CH         PUBLIC        LR_motor_go
  C:012BH         PUBLIC        RR_motor_go
BL51 BANKED LINKER/LOCATER V6.22                                                      03/24/2022  21:01:14  PAGE 3


  B:0080H.5       PUBLIC        IN11
  B:00B0H.5       PUBLIC        IN21
  B:0080H.6       PUBLIC        IN12
  B:00B0H.6       PUBLIC        IN22
  B:0080H.3       PUBLIC        IN13
  B:00B0H.3       PUBLIC        IN23
  B:0080H.4       PUBLIC        IN14
  B:00B0H.4       PUBLIC        IN24
  -------         PROC          LF_MOTOR_GO
  C:00FEH         LINE#         19
  C:00FEH         LINE#         20
  -------         ENDPROC       LF_MOTOR_GO
  -------         PROC          LF_MOTOR_STOP
  C:0103H         LINE#         21
  C:0103H         LINE#         22
  -------         ENDPROC       LF_MOTOR_STOP
  -------         PROC          LF_MOTOR_BACK
  C:0108H         LINE#         23
  C:0108H         LINE#         24
  -------         ENDPROC       LF_MOTOR_BACK
  -------         PROC          RF_MOTOR_GO
  C:010DH         LINE#         25
  C:010DH         LINE#         26
  -------         ENDPROC       RF_MOTOR_GO
  -------         PROC          RF_MOTOR_STOP
  C:0112H         LINE#         27
  C:0112H         LINE#         28
  -------         ENDPROC       RF_MOTOR_STOP
  -------         PROC          RF_MOTOR_BACK
  C:0117H         LINE#         29
  C:0117H         LINE#         30
  -------         ENDPROC       RF_MOTOR_BACK
  -------         PROC          LR_MOTOR_GO
  C:011CH         LINE#         31
  C:011CH         LINE#         32
  -------         ENDPROC       LR_MOTOR_GO
  -------         PROC          LR_MOTOR_STOP
  C:0121H         LINE#         33
  C:0121H         LINE#         34
  -------         ENDPROC       LR_MOTOR_STOP
  -------         PROC          LR_MOTOR_BACK
  C:0126H         LINE#         35
  C:0126H         LINE#         36
  -------         ENDPROC       LR_MOTOR_BACK
  -------         PROC          RR_MOTOR_GO
  C:012BH         LINE#         37
  C:012BH         LINE#         38
  -------         ENDPROC       RR_MOTOR_GO
  -------         PROC          RR_MOTOR_STOP
  C:0130H         LINE#         39
  C:0130H         LINE#         40
  -------         ENDPROC       RR_MOTOR_STOP
  -------         PROC          RR_MOTOR_BACK
  C:0135H         LINE#         41
  C:0135H         LINE#         42
  -------         ENDPROC       RR_MOTOR_BACK
  -------         ENDMOD        WHEEL
BL51 BANKED LINKER/LOCATER V6.22                                                      03/24/2022  21:01:14  PAGE 4



  -------         MODULE        RUN
  C:0000H         SYMBOL        _ICE_DUMMY_
  C:000EH         PUBLIC        Timer0_Routine
  D:0080H         PUBLIC        P0
  C:00D4H         PUBLIC        car_rightstop
  D:00B0H         PUBLIC        P3
  B:0080H.7       PUBLIC        EN1A
  B:00A8H.7       PUBLIC        EA
  B:00B0H.7       PUBLIC        EN2A
  B:0080H.2       PUBLIC        EN1B
  B:00B0H.2       PUBLIC        EN2B
  C:00E3H         PUBLIC        car_leftstop
  C:0098H         PUBLIC        car_rightgo
  D:0008H         PUBLIC        speed
  C:00A7H         PUBLIC        car_leftgo
  C:007AH         PUBLIC        car_back
  C:0057H         PUBLIC        Timer0_Init
  D:0089H         PUBLIC        TMOD
  D:0009H         PUBLIC        counter1
  B:00A8H.1       PUBLIC        ET0
  B:0088H.5       PUBLIC        TF0
  D:008CH         PUBLIC        TH0
  C:00B6H         PUBLIC        car_rightback
  D:008AH         PUBLIC        TL0
  B:00B8H.1       PUBLIC        PT0
  B:0088H.4       PUBLIC        TR0
  C:00C5H         PUBLIC        car_leftback
  C:0089H         PUBLIC        car_stop
  C:006BH         PUBLIC        car_go
  -------         PROC          TIMER0_INIT
  C:0057H         LINE#         15
  C:0057H         LINE#         16
  C:0057H         LINE#         17
  C:005AH         LINE#         18
  C:005DH         LINE#         19
  C:0060H         LINE#         20
  C:0062H         LINE#         21
  C:0064H         LINE#         22
  C:0066H         LINE#         23
  C:0068H         LINE#         24
  C:006AH         LINE#         25
  -------         ENDPROC       TIMER0_INIT
  -------         PROC          TIMER0_ROUTINE
  C:000EH         LINE#         27
  C:0012H         LINE#         29
  C:0015H         LINE#         30
  C:0018H         LINE#         32
  C:001AH         LINE#         33
  C:0021H         LINE#         34
  C:0021H         LINE#         35
  C:0024H         LINE#         36
  C:0024H         LINE#         37
  C:002BH         LINE#         38
  C:002BH         LINE#         39
  C:002DH         LINE#         40
  C:002FH         LINE#         41
BL51 BANKED LINKER/LOCATER V6.22                                                      03/24/2022  21:01:14  PAGE 5


  C:0031H         LINE#         42
  C:0033H         LINE#         43
  C:0035H         LINE#         46
  C:0035H         LINE#         47
  C:0037H         LINE#         48
  C:0039H         LINE#         49
  C:003BH         LINE#         50
  C:003DH         LINE#         51
  C:003DH         LINE#         52
  -------         ENDPROC       TIMER0_ROUTINE
  -------         PROC          CAR_GO
  C:006BH         LINE#         56
  C:006BH         LINE#         57
  C:006BH         LINE#         58
  C:006EH         LINE#         59
  C:0071H         LINE#         60
  C:0074H         LINE#         61
  C:0077H         LINE#         62
  -------         ENDPROC       CAR_GO
  -------         PROC          CAR_BACK
  C:007AH         LINE#         64
  C:007AH         LINE#         65
  C:007AH         LINE#         66
  C:007DH         LINE#         67
  C:0080H         LINE#         68
  C:0083H         LINE#         69
  C:0086H         LINE#         70
  -------         ENDPROC       CAR_BACK
  -------         PROC          CAR_STOP
  C:0089H         LINE#         72
  C:0089H         LINE#         73
  C:0089H         LINE#         74
  C:008CH         LINE#         75
  C:008FH         LINE#         76
  C:0092H         LINE#         77
  C:0095H         LINE#         78
  -------         ENDPROC       CAR_STOP
  -------         PROC          CAR_RIGHTGO
  C:0098H         LINE#         80
  C:0098H         LINE#         81
  C:0098H         LINE#         82
  C:009BH         LINE#         83
  C:009EH         LINE#         84
  C:00A1H         LINE#         85
  C:00A4H         LINE#         86
  -------         ENDPROC       CAR_RIGHTGO
  -------         PROC          CAR_LEFTGO
  C:00A7H         LINE#         88
  C:00A7H         LINE#         89
  C:00A7H         LINE#         90
  C:00AAH         LINE#         91
  C:00ADH         LINE#         92
  C:00B0H         LINE#         93
  C:00B3H         LINE#         94
  -------         ENDPROC       CAR_LEFTGO
  -------         PROC          CAR_RIGHTBACK
  C:00B6H         LINE#         96
BL51 BANKED LINKER/LOCATER V6.22                                                      03/24/2022  21:01:14  PAGE 6


  C:00B6H         LINE#         97
  C:00B6H         LINE#         98
  C:00B9H         LINE#         99
  C:00BCH         LINE#         100
  C:00BFH         LINE#         101
  C:00C2H         LINE#         102
  -------         ENDPROC       CAR_RIGHTBACK
  -------         PROC          CAR_LEFTBACK
  C:00C5H         LINE#         104
  C:00C5H         LINE#         105
  C:00C5H         LINE#         106
  C:00C8H         LINE#         107
  C:00CBH         LINE#         108
  C:00CEH         LINE#         109
  C:00D1H         LINE#         110
  -------         ENDPROC       CAR_LEFTBACK
  -------         PROC          CAR_RIGHTSTOP
  C:00D4H         LINE#         112
  C:00D4H         LINE#         113
  C:00D4H         LINE#         114
  C:00D7H         LINE#         115
  C:00DAH         LINE#         116
  C:00DDH         LINE#         117
  C:00E0H         LINE#         118
  -------         ENDPROC       CAR_RIGHTSTOP
  -------         PROC          CAR_LEFTSTOP
  C:00E3H         LINE#         120
  C:00E3H         LINE#         121
  C:00E3H         LINE#         122
  C:00E6H         LINE#         123
  C:00E9H         LINE#         124
  C:00ECH         LINE#         125
  C:00EFH         LINE#         126
  -------         ENDPROC       CAR_LEFTSTOP
  -------         ENDMOD        RUN

  -------         MODULE        DELAY
  C:0000H         SYMBOL        _ICE_DUMMY_
  C:0042H         PUBLIC        _Delay
  -------         PROC          _DELAY
  D:0006H         SYMBOL        xms
  -------         DO            
  D:0005H         SYMBOL        i
  D:0004H         SYMBOL        j
  -------         ENDDO         
  C:0042H         LINE#         1
  C:0042H         LINE#         2
  C:0042H         LINE#         4
  C:004CH         LINE#         5
  C:004CH         LINE#         6
  C:004EH         LINE#         7
  C:0050H         LINE#         9
  C:0050H         LINE#         10
  C:0052H         LINE#         11
  C:0054H         LINE#         12
  C:0056H         LINE#         14
  -------         ENDPROC       _DELAY
BL51 BANKED LINKER/LOCATER V6.22                                                      03/24/2022  21:01:14  PAGE 7


  -------         ENDMOD        DELAY

*** WARNING L16: UNCALLED SEGMENT, IGNORED FOR OVERLAY PROCESS
    SEGMENT: ?PR?CAR_BACK?RUN

*** WARNING L16: UNCALLED SEGMENT, IGNORED FOR OVERLAY PROCESS
    SEGMENT: ?PR?CAR_STOP?RUN

*** WARNING L16: UNCALLED SEGMENT, IGNORED FOR OVERLAY PROCESS
    SEGMENT: ?PR?CAR_RIGHTGO?RUN

*** WARNING L16: UNCALLED SEGMENT, IGNORED FOR OVERLAY PROCESS
    SEGMENT: ?PR?CAR_LEFTGO?RUN

*** WARNING L16: UNCALLED SEGMENT, IGNORED FOR OVERLAY PROCESS
    SEGMENT: ?PR?CAR_RIGHTBACK?RUN

*** WARNING L16: UNCALLED SEGMENT, IGNORED FOR OVERLAY PROCESS
    SEGMENT: ?PR?CAR_LEFTBACK?RUN

*** WARNING L16: UNCALLED SEGMENT, IGNORED FOR OVERLAY PROCESS
    SEGMENT: ?PR?CAR_RIGHTSTOP?RUN

*** WARNING L16: UNCALLED SEGMENT, IGNORED FOR OVERLAY PROCESS
    SEGMENT: ?PR?CAR_LEFTSTOP?RUN

*** WARNING L16: UNCALLED SEGMENT, IGNORED FOR OVERLAY PROCESS
    SEGMENT: ?PR?_DELAY?DELAY

Program Size: data=11.0 xdata=0 code=314
LINK/LOCATE RUN COMPLETE.  9 WARNING(S),  0 ERROR(S)
