C51 COMPILER V9.54   FAN                                                                   04/02/2022 14:56:23 PAGE 1   


C51 COMPILER V9.54, COMPILATION OF MODULE FAN
OBJECT MODULE PLACED IN .\Objects\fan.obj
COMPILER INVOKED BY: E:\KEIL5\C51\BIN\C51.EXE HARDWARE\fan\fan.c OPTIMIZE(8,SPEED) BROWSE INCDIR(.\HARDWARE\wheel;.\HARD
                    -WARE\Delay;.\HARDWARE\run;.\HARDWARE\sonar;.\HARDWARE\fan;.\HARDWARE\fire;.\HARDWARE\fire) DEBUG OBJECTEXTEND PRINT(.\Li
                    -stings\fan.lst) TABS(2) OBJECT(.\Objects\fan.obj)

line level    source

   1          #include <REGX52.H>
   2          
   3          sbit fan1 = P1^0;    //IN1
   4          sbit fan2 = P1^1;    //IN3
   5          
   6          ////////////////////////////////////////////////////////////////
   7          
   8          void fan_on()
   9          {
  10   1           fan1 = 1;
  11   1           fan2 = 1;
  12   1      } 
  13          
  14          void fan_off()
  15          {
  16   1           fan1 = 0;
  17   1           fan2 = 0;
  18   1      } 


MODULE INFORMATION:   STATIC OVERLAYABLE
   CODE SIZE        =     10    ----
   CONSTANT SIZE    =   ----    ----
   XDATA SIZE       =   ----    ----
   PDATA SIZE       =   ----    ----
   DATA SIZE        =   ----    ----
   IDATA SIZE       =   ----    ----
   BIT SIZE         =   ----    ----
END OF MODULE INFORMATION.


C51 COMPILATION COMPLETE.  0 WARNING(S),  0 ERROR(S)
