BL51 BANKED LINKER/LOCATER V6.22                                                        03/25/2022  19:54:38  PAGE 1


BL51 BANKED LINKER/LOCATER V6.22, INVOKED BY:
E:\KEIL5\C51\BIN\BL51.EXE .\Objects\main.obj, .\Objects\wheel.obj, .\Objects\run.obj, .\Objects\Delay.obj, .\Objects\son
>> ar.obj TO .\Objects\USER PRINT (.\Listings\USER.m51) RAMSIZE (256)


MEMORY MODEL: SMALL WITH FLOATING POINT ARITHMETIC


INPUT MODULES INCLUDED:
  .\Objects\main.obj (MAIN)
  .\Objects\wheel.obj (WHEEL)
  .\Objects\run.obj (RUN)
  .\Objects\Delay.obj (DELAY)
  .\Objects\sonar.obj (SONAR)
  E:\KEIL5\C51\LIB\C51FPS.LIB (?C?FPMUL)
  E:\KEIL5\C51\LIB\C51FPS.LIB (?C?FPDIV)
  E:\KEIL5\C51\LIB\C51FPS.LIB (?C?FCAST)
  E:\KEIL5\C51\LIB\C51FPS.LIB (?C?CASTF)
  E:\KEIL5\C51\LIB\C51FPS.LIB (?C?FPGETOPN)
  E:\KEIL5\C51\LIB\C51S.LIB (?C_STARTUP)
  E:\KEIL5\C51\LIB\C51S.LIB (?C?LNEG)
  E:\KEIL5\C51\LIB\C51S.LIB (?C_INIT)


LINK MAP OF MODULE:  .\Objects\USER (MAIN)


            TYPE    BASE      LENGTH    RELOCATION   SEGMENT NAME
            -----------------------------------------------------

            * * * * * * *   D A T A   M E M O R Y   * * * * * * *
            REG     0000H     0008H     ABSOLUTE     "REG BANK 0"
            DATA    0008H     0004H     UNIT         ?DT?SONAR
            DATA    000CH     0002H     UNIT         ?DT?RUN
            IDATA   000EH     0001H     UNIT         ?STACK

            * * * * * * *   C O D E   M E M O R Y   * * * * * * *
            CODE    0000H     0003H     ABSOLUTE     
            CODE    0003H     0006H     UNIT         ?PR?DELAY20US?SONAR
                    0009H     0002H                  *** GAP ***
            CODE    000BH     0003H     ABSOLUTE     
            CODE    000EH     0273H     UNIT         ?C?LIB_CODE
            CODE    0281H     008CH     UNIT         ?C_C51STARTUP
            CODE    030DH     005CH     UNIT         ?PR?SONAR?SONAR
            CODE    0369H     0034H     UNIT         ?PR?TIMER0_ROUTINE?RUN
            CODE    039DH     0015H     UNIT         ?PR?_DELAY?DELAY
            CODE    03B2H     0014H     UNIT         ?PR?TIMER0_INIT?RUN
            CODE    03C6H     000FH     UNIT         ?PR?CAR_GO?RUN
            CODE    03D5H     000FH     UNIT         ?PR?CAR_BACK?RUN
            CODE    03E4H     000FH     UNIT         ?PR?CAR_STOP?RUN
            CODE    03F3H     000FH     UNIT         ?PR?CAR_RIGHTGO?RUN
            CODE    0402H     000FH     UNIT         ?PR?CAR_LEFTGO?RUN
            CODE    0411H     000FH     UNIT         ?PR?CAR_RIGHTBACK?RUN
            CODE    0420H     000FH     UNIT         ?PR?CAR_LEFTBACK?RUN
            CODE    042FH     000FH     UNIT         ?PR?CAR_RIGHTSTOP?RUN
            CODE    043EH     000FH     UNIT         ?PR?CAR_LEFTSTOP?RUN
            CODE    044DH     000BH     UNIT         ?PR?MAIN?MAIN
            CODE    0458H     0005H     UNIT         ?PR?LF_MOTOR_GO?WHEEL
BL51 BANKED LINKER/LOCATER V6.22                                                      03/25/2022  19:54:38  PAGE 2


            CODE    045DH     0005H     UNIT         ?PR?LF_MOTOR_STOP?WHEEL
            CODE    0462H     0005H     UNIT         ?PR?LF_MOTOR_BACK?WHEEL
            CODE    0467H     0005H     UNIT         ?PR?RF_MOTOR_GO?WHEEL
            CODE    046CH     0005H     UNIT         ?PR?RF_MOTOR_STOP?WHEEL
            CODE    0471H     0005H     UNIT         ?PR?RF_MOTOR_BACK?WHEEL
            CODE    0476H     0005H     UNIT         ?PR?LR_MOTOR_GO?WHEEL
            CODE    047BH     0005H     UNIT         ?PR?LR_MOTOR_STOP?WHEEL
            CODE    0480H     0005H     UNIT         ?PR?LR_MOTOR_BACK?WHEEL
            CODE    0485H     0005H     UNIT         ?PR?RR_MOTOR_GO?WHEEL
            CODE    048AH     0005H     UNIT         ?PR?RR_MOTOR_STOP?WHEEL
            CODE    048FH     0005H     UNIT         ?PR?RR_MOTOR_BACK?WHEEL
            CODE    0494H     0005H     UNIT         ?C_INITSEG



OVERLAY MAP OF MODULE:   .\Objects\USER (MAIN)


SEGMENT
  +--> CALLED SEGMENT
---------------------
?C_C51STARTUP
  +--> ?PR?MAIN?MAIN
  +--> ?C_INITSEG

?PR?MAIN?MAIN
  +--> ?PR?TIMER0_INIT?RUN
  +--> ?PR?CAR_GO?RUN
  +--> ?PR?SONAR?SONAR

?PR?CAR_GO?RUN
  +--> ?PR?LF_MOTOR_GO?WHEEL
  +--> ?PR?RF_MOTOR_GO?WHEEL
  +--> ?PR?LR_MOTOR_GO?WHEEL
  +--> ?PR?RR_MOTOR_GO?WHEEL

?PR?SONAR?SONAR
  +--> ?PR?DELAY20US?SONAR
  +--> ?PR?CAR_LEFTSTOP?RUN
  +--> ?PR?_DELAY?DELAY

?PR?CAR_LEFTSTOP?RUN
  +--> ?PR?LF_MOTOR_BACK?WHEEL
  +--> ?PR?RF_MOTOR_GO?WHEEL
  +--> ?PR?LR_MOTOR_BACK?WHEEL
  +--> ?PR?RR_MOTOR_GO?WHEEL



SYMBOL TABLE OF MODULE:  .\Objects\USER (MAIN)

  VALUE           TYPE          NAME
  ----------------------------------

  -------         MODULE        MAIN
  C:0000H         SYMBOL        _ICE_DUMMY_
  C:044DH         PUBLIC        main
BL51 BANKED LINKER/LOCATER V6.22                                                      03/25/2022  19:54:38  PAGE 3


  -------         PROC          MAIN
  C:044DH         LINE#         5
  C:044DH         LINE#         6
  C:044DH         LINE#         7
  C:0450H         LINE#         9
  C:0450H         LINE#         10
  C:0450H         LINE#         11
  C:0453H         LINE#         12
  C:0456H         LINE#         13
  -------         ENDPROC       MAIN
  -------         ENDMOD        MAIN

  -------         MODULE        WHEEL
  C:0000H         SYMBOL        _ICE_DUMMY_
  D:0080H         PUBLIC        P0
  D:00B0H         PUBLIC        P3
  C:0462H         PUBLIC        LF_motor_back
  C:0471H         PUBLIC        RF_motor_back
  C:0480H         PUBLIC        LR_motor_back
  C:048FH         PUBLIC        RR_motor_back
  C:045DH         PUBLIC        LF_motor_stop
  C:046CH         PUBLIC        RF_motor_stop
  C:047BH         PUBLIC        LR_motor_stop
  C:0458H         PUBLIC        LF_motor_go
  C:048AH         PUBLIC        RR_motor_stop
  C:0467H         PUBLIC        RF_motor_go
  C:0476H         PUBLIC        LR_motor_go
  C:0485H         PUBLIC        RR_motor_go
  B:0080H.5       PUBLIC        IN11
  B:00B0H.5       PUBLIC        IN21
  B:0080H.6       PUBLIC        IN12
  B:00B0H.6       PUBLIC        IN22
  B:0080H.3       PUBLIC        IN13
  B:00B0H.3       PUBLIC        IN23
  B:0080H.4       PUBLIC        IN14
  B:00B0H.4       PUBLIC        IN24
  -------         PROC          LF_MOTOR_GO
  C:0458H         LINE#         19
  C:0458H         LINE#         20
  -------         ENDPROC       LF_MOTOR_GO
  -------         PROC          LF_MOTOR_STOP
  C:045DH         LINE#         21
  C:045DH         LINE#         22
  -------         ENDPROC       LF_MOTOR_STOP
  -------         PROC          LF_MOTOR_BACK
  C:0462H         LINE#         23
  C:0462H         LINE#         24
  -------         ENDPROC       LF_MOTOR_BACK
  -------         PROC          RF_MOTOR_GO
  C:0467H         LINE#         25
  C:0467H         LINE#         26
  -------         ENDPROC       RF_MOTOR_GO
  -------         PROC          RF_MOTOR_STOP
  C:046CH         LINE#         27
  C:046CH         LINE#         28
  -------         ENDPROC       RF_MOTOR_STOP
  -------         PROC          RF_MOTOR_BACK
BL51 BANKED LINKER/LOCATER V6.22                                                      03/25/2022  19:54:38  PAGE 4


  C:0471H         LINE#         29
  C:0471H         LINE#         30
  -------         ENDPROC       RF_MOTOR_BACK
  -------         PROC          LR_MOTOR_GO
  C:0476H         LINE#         31
  C:0476H         LINE#         32
  -------         ENDPROC       LR_MOTOR_GO
  -------         PROC          LR_MOTOR_STOP
  C:047BH         LINE#         33
  C:047BH         LINE#         34
  -------         ENDPROC       LR_MOTOR_STOP
  -------         PROC          LR_MOTOR_BACK
  C:0480H         LINE#         35
  C:0480H         LINE#         36
  -------         ENDPROC       LR_MOTOR_BACK
  -------         PROC          RR_MOTOR_GO
  C:0485H         LINE#         37
  C:0485H         LINE#         38
  -------         ENDPROC       RR_MOTOR_GO
  -------         PROC          RR_MOTOR_STOP
  C:048AH         LINE#         39
  C:048AH         LINE#         40
  -------         ENDPROC       RR_MOTOR_STOP
  -------         PROC          RR_MOTOR_BACK
  C:048FH         LINE#         41
  C:048FH         LINE#         42
  -------         ENDPROC       RR_MOTOR_BACK
  -------         ENDMOD        WHEEL

  -------         MODULE        RUN
  C:0000H         SYMBOL        _ICE_DUMMY_
  C:0369H         PUBLIC        Timer0_Routine
  D:0080H         PUBLIC        P0
  C:042FH         PUBLIC        car_rightstop
  D:00B0H         PUBLIC        P3
  B:0080H.7       PUBLIC        EN1A
  B:00A8H.7       PUBLIC        EA
  B:00B0H.7       PUBLIC        EN2A
  B:0080H.2       PUBLIC        EN1B
  B:00B0H.2       PUBLIC        EN2B
  C:043EH         PUBLIC        car_leftstop
  C:03F3H         PUBLIC        car_rightgo
  D:000CH         PUBLIC        speed
  C:0402H         PUBLIC        car_leftgo
  C:03D5H         PUBLIC        car_back
  C:03B2H         PUBLIC        Timer0_Init
  D:0089H         PUBLIC        TMOD
  D:000DH         PUBLIC        counter1
  B:00A8H.1       PUBLIC        ET0
  B:0088H.5       PUBLIC        TF0
  D:008CH         PUBLIC        TH0
  C:0411H         PUBLIC        car_rightback
  D:008AH         PUBLIC        TL0
  B:00B8H.1       PUBLIC        PT0
  B:0088H.4       PUBLIC        TR0
  C:0420H         PUBLIC        car_leftback
  C:03E4H         PUBLIC        car_stop
BL51 BANKED LINKER/LOCATER V6.22                                                      03/25/2022  19:54:38  PAGE 5


  C:03C6H         PUBLIC        car_go
  -------         PROC          TIMER0_INIT
  C:03B2H         LINE#         15
  C:03B2H         LINE#         16
  C:03B2H         LINE#         17
  C:03B5H         LINE#         18
  C:03B8H         LINE#         19
  C:03BBH         LINE#         20
  C:03BDH         LINE#         21
  C:03BFH         LINE#         22
  C:03C1H         LINE#         23
  C:03C3H         LINE#         24
  C:03C5H         LINE#         25
  -------         ENDPROC       TIMER0_INIT
  -------         PROC          TIMER0_ROUTINE
  C:0369H         LINE#         27
  C:036DH         LINE#         29
  C:0370H         LINE#         30
  C:0373H         LINE#         32
  C:0375H         LINE#         33
  C:037CH         LINE#         34
  C:037CH         LINE#         35
  C:037FH         LINE#         36
  C:037FH         LINE#         37
  C:0386H         LINE#         38
  C:0386H         LINE#         39
  C:0388H         LINE#         40
  C:038AH         LINE#         41
  C:038CH         LINE#         42
  C:038EH         LINE#         43
  C:0390H         LINE#         46
  C:0390H         LINE#         47
  C:0392H         LINE#         48
  C:0394H         LINE#         49
  C:0396H         LINE#         50
  C:0398H         LINE#         51
  C:0398H         LINE#         52
  -------         ENDPROC       TIMER0_ROUTINE
  -------         PROC          CAR_GO
  C:03C6H         LINE#         56
  C:03C6H         LINE#         57
  C:03C6H         LINE#         58
  C:03C9H         LINE#         59
  C:03CCH         LINE#         60
  C:03CFH         LINE#         61
  C:03D2H         LINE#         62
  -------         ENDPROC       CAR_GO
  -------         PROC          CAR_BACK
  C:03D5H         LINE#         64
  C:03D5H         LINE#         65
  C:03D5H         LINE#         66
  C:03D8H         LINE#         67
  C:03DBH         LINE#         68
  C:03DEH         LINE#         69
  C:03E1H         LINE#         70
  -------         ENDPROC       CAR_BACK
  -------         PROC          CAR_STOP
BL51 BANKED LINKER/LOCATER V6.22                                                      03/25/2022  19:54:38  PAGE 6


  C:03E4H         LINE#         72
  C:03E4H         LINE#         73
  C:03E4H         LINE#         74
  C:03E7H         LINE#         75
  C:03EAH         LINE#         76
  C:03EDH         LINE#         77
  C:03F0H         LINE#         78
  -------         ENDPROC       CAR_STOP
  -------         PROC          CAR_RIGHTGO
  C:03F3H         LINE#         80
  C:03F3H         LINE#         81
  C:03F3H         LINE#         82
  C:03F6H         LINE#         83
  C:03F9H         LINE#         84
  C:03FCH         LINE#         85
  C:03FFH         LINE#         86
  -------         ENDPROC       CAR_RIGHTGO
  -------         PROC          CAR_LEFTGO
  C:0402H         LINE#         88
  C:0402H         LINE#         89
  C:0402H         LINE#         90
  C:0405H         LINE#         91
  C:0408H         LINE#         92
  C:040BH         LINE#         93
  C:040EH         LINE#         94
  -------         ENDPROC       CAR_LEFTGO
  -------         PROC          CAR_RIGHTBACK
  C:0411H         LINE#         96
  C:0411H         LINE#         97
  C:0411H         LINE#         98
  C:0414H         LINE#         99
  C:0417H         LINE#         100
  C:041AH         LINE#         101
  C:041DH         LINE#         102
  -------         ENDPROC       CAR_RIGHTBACK
  -------         PROC          CAR_LEFTBACK
  C:0420H         LINE#         104
  C:0420H         LINE#         105
  C:0420H         LINE#         106
  C:0423H         LINE#         107
  C:0426H         LINE#         108
  C:0429H         LINE#         109
  C:042CH         LINE#         110
  -------         ENDPROC       CAR_LEFTBACK
  -------         PROC          CAR_RIGHTSTOP
  C:042FH         LINE#         112
  C:042FH         LINE#         113
  C:042FH         LINE#         114
  C:0432H         LINE#         115
  C:0435H         LINE#         116
  C:0438H         LINE#         117
  C:043BH         LINE#         118
  -------         ENDPROC       CAR_RIGHTSTOP
  -------         PROC          CAR_LEFTSTOP
  C:043EH         LINE#         120
  C:043EH         LINE#         121
  C:043EH         LINE#         122
BL51 BANKED LINKER/LOCATER V6.22                                                      03/25/2022  19:54:38  PAGE 7


  C:0441H         LINE#         123
  C:0444H         LINE#         124
  C:0447H         LINE#         125
  C:044AH         LINE#         126
  -------         ENDPROC       CAR_LEFTSTOP
  -------         ENDMOD        RUN

  -------         MODULE        DELAY
  C:0000H         SYMBOL        _ICE_DUMMY_
  C:039DH         PUBLIC        _Delay
  -------         PROC          _DELAY
  D:0006H         SYMBOL        xms
  -------         DO            
  D:0005H         SYMBOL        i
  D:0004H         SYMBOL        j
  -------         ENDDO         
  C:039DH         LINE#         1
  C:039DH         LINE#         2
  C:039DH         LINE#         4
  C:03A7H         LINE#         5
  C:03A7H         LINE#         6
  C:03A9H         LINE#         7
  C:03ABH         LINE#         9
  C:03ABH         LINE#         10
  C:03ADH         LINE#         11
  C:03AFH         LINE#         12
  C:03B1H         LINE#         14
  -------         ENDPROC       _DELAY
  -------         ENDMOD        DELAY

  -------         MODULE        SONAR
  C:0000H         SYMBOL        _ICE_DUMMY_
  B:00A0H.2       PUBLIC        Echo
  D:00A0H         PUBLIC        P2
  B:00A0H.1       PUBLIC        Trig
  D:0008H         PUBLIC        limit
  C:030DH         PUBLIC        sonar
  D:0089H         PUBLIC        TMOD
  C:0003H         PUBLIC        Delay20us
  D:008DH         PUBLIC        TH1
  D:000AH         PUBLIC        distance
  D:008BH         PUBLIC        TL1
  B:0088H.6       PUBLIC        TR1
  -------         PROC          DELAY20US
  -------         DO            
  D:0007H         SYMBOL        i
  -------         ENDDO         
  C:0003H         LINE#         16
  C:0003H         LINE#         17
  C:0003H         LINE#         20
  C:0004H         LINE#         21
  C:0006H         LINE#         22
  C:0008H         LINE#         23
  -------         ENDPROC       DELAY20US
  -------         PROC          SONAR
  C:030DH         LINE#         27
  C:030DH         LINE#         28
BL51 BANKED LINKER/LOCATER V6.22                                                      03/25/2022  19:54:38  PAGE 8


  C:030DH         LINE#         29
  C:0310H         LINE#         30
  C:0313H         LINE#         31
  C:0315H         LINE#         33
  C:0317H         LINE#         34
  C:031AH         LINE#         35
  C:031CH         LINE#         37
  C:031FH         LINE#         38
  C:0321H         LINE#         39
  C:0324H         LINE#         40
  C:0326H         LINE#         42
  C:0353H         LINE#         44
  C:035EH         LINE#         45
  C:035EH         LINE#         46
  C:0361H         LINE#         47
  C:0368H         LINE#         48
  C:0368H         LINE#         49
  -------         ENDPROC       SONAR
  -------         ENDMOD        SONAR

  -------         MODULE        ?C?FPMUL
  C:000EH         PUBLIC        ?C?FPMUL
  -------         ENDMOD        ?C?FPMUL

  -------         MODULE        ?C?FPDIV
  C:0117H         PUBLIC        ?C?FPDIV
  -------         ENDMOD        ?C?FPDIV

  -------         MODULE        ?C?FCAST
  C:01BEH         PUBLIC        ?C?FCASTC
  C:01B9H         PUBLIC        ?C?FCASTI
  C:01B4H         PUBLIC        ?C?FCASTL
  -------         ENDMOD        ?C?FCAST

  -------         MODULE        ?C?CASTF
  C:01F2H         PUBLIC        ?C?CASTF
  -------         ENDMOD        ?C?CASTF

  -------         MODULE        ?C?LNEG
  C:0273H         PUBLIC        ?C?LNEG
  -------         ENDMOD        ?C?LNEG

*** WARNING L16: UNCALLED SEGMENT, IGNORED FOR OVERLAY PROCESS
    SEGMENT: ?PR?CAR_BACK?RUN

*** WARNING L16: UNCALLED SEGMENT, IGNORED FOR OVERLAY PROCESS
    SEGMENT: ?PR?CAR_STOP?RUN

*** WARNING L16: UNCALLED SEGMENT, IGNORED FOR OVERLAY PROCESS
    SEGMENT: ?PR?CAR_RIGHTGO?RUN

*** WARNING L16: UNCALLED SEGMENT, IGNORED FOR OVERLAY PROCESS
    SEGMENT: ?PR?CAR_LEFTGO?RUN

*** WARNING L16: UNCALLED SEGMENT, IGNORED FOR OVERLAY PROCESS
    SEGMENT: ?PR?CAR_RIGHTBACK?RUN

BL51 BANKED LINKER/LOCATER V6.22                                                      03/25/2022  19:54:38  PAGE 9


*** WARNING L16: UNCALLED SEGMENT, IGNORED FOR OVERLAY PROCESS
    SEGMENT: ?PR?CAR_LEFTBACK?RUN

*** WARNING L16: UNCALLED SEGMENT, IGNORED FOR OVERLAY PROCESS
    SEGMENT: ?PR?CAR_RIGHTSTOP?RUN

Program Size: data=15.0 xdata=0 code=1175
LINK/LOCATE RUN COMPLETE.  7 WARNING(S),  0 ERROR(S)
