BL51 BANKED LINKER/LOCATER V6.22                                                        03/27/2022  11:06:07  PAGE 1


BL51 BANKED LINKER/LOCATER V6.22, INVOKED BY:
E:\KEIL5\C51\BIN\BL51.EXE .\Objects\main.obj, .\Objects\wheel.obj, .\Objects\run.obj, .\Objects\Delay.obj, .\Objects\son
>> ar.obj TO .\Objects\USER PRINT (.\Listings\USER.m51) RAMSIZE (256) DISABLEWARNING (16)


MEMORY MODEL: SMALL WITH FLOATING POINT ARITHMETIC


INPUT MODULES INCLUDED:
  .\Objects\main.obj (MAIN)
  .\Objects\wheel.obj (WHEEL)
  .\Objects\run.obj (RUN)
  .\Objects\Delay.obj (DELAY)
  .\Objects\sonar.obj (SONAR)
  E:\KEIL5\C51\LIB\C51FPS.LIB (?C?FPMUL)
  E:\KEIL5\C51\LIB\C51FPS.LIB (?C?FPDIV)
  E:\KEIL5\C51\LIB\C51FPS.LIB (?C?FCAST)
  E:\KEIL5\C51\LIB\C51FPS.LIB (?C?CASTF)
  E:\KEIL5\C51\LIB\C51FPS.LIB (?C?FPGETOPN)
  E:\KEIL5\C51\LIB\C51S.LIB (?C_STARTUP)
  E:\KEIL5\C51\LIB\C51S.LIB (?C?LNEG)
  E:\KEIL5\C51\LIB\C51S.LIB (?C_INIT)


LINK MAP OF MODULE:  .\Objects\USER (MAIN)


            TYPE    BASE      LENGTH    RELOCATION   SEGMENT NAME
            -----------------------------------------------------

            * * * * * * *   D A T A   M E M O R Y   * * * * * * *
            REG     0000H     0008H     ABSOLUTE     "REG BANK 0"
            DATA    0008H     000CH     UNIT         ?DT?SONAR
            DATA    0014H     0002H     UNIT         ?DT?RUN
            IDATA   0016H     0001H     UNIT         ?STACK

            * * * * * * *   C O D E   M E M O R Y   * * * * * * *
            CODE    0000H     0003H     ABSOLUTE     
            CODE    0003H     0006H     UNIT         ?PR?DELAY20US?SONAR
                    0009H     0002H                  *** GAP ***
            CODE    000BH     0003H     ABSOLUTE     
            CODE    000EH     0273H     UNIT         ?C?LIB_CODE
            CODE    0281H     0185H     UNIT         ?PR?SONAR?SONAR
            CODE    0406H     008CH     UNIT         ?C_C51STARTUP
            CODE    0492H     0034H     UNIT         ?PR?TIMER0_ROUTINE?RUN
            CODE    04C6H     0015H     UNIT         ?PR?_DELAY?DELAY
            CODE    04DBH     0014H     UNIT         ?PR?TIMER_INIT?RUN
            CODE    04EFH     0012H     UNIT         ?PR?MAIN?MAIN
            CODE    0501H     000FH     UNIT         ?PR?CAR_GO?RUN
            CODE    0510H     000FH     UNIT         ?PR?CAR_BACK?RUN
            CODE    051FH     000FH     UNIT         ?PR?CAR_STOP?RUN
            CODE    052EH     000FH     UNIT         ?PR?CAR_RIGHTGO?RUN
            CODE    053DH     000FH     UNIT         ?PR?CAR_LEFTGO?RUN
            CODE    054CH     000FH     UNIT         ?PR?CAR_RIGHTBACK?RUN
            CODE    055BH     000FH     UNIT         ?PR?CAR_LEFTBACK?RUN
            CODE    056AH     000FH     UNIT         ?PR?CAR_LEFTSTOP?RUN
            CODE    0579H     000FH     UNIT         ?PR?CAR_RIGHTSTOP?RUN
            CODE    0588H     000DH     UNIT         ?C_INITSEG
BL51 BANKED LINKER/LOCATER V6.22                                                      03/27/2022  11:06:07  PAGE 2


            CODE    0595H     0005H     UNIT         ?PR?LF_MOTOR_GO?WHEEL
            CODE    059AH     0005H     UNIT         ?PR?LF_MOTOR_STOP?WHEEL
            CODE    059FH     0005H     UNIT         ?PR?LF_MOTOR_BACK?WHEEL
            CODE    05A4H     0005H     UNIT         ?PR?RF_MOTOR_GO?WHEEL
            CODE    05A9H     0005H     UNIT         ?PR?RF_MOTOR_STOP?WHEEL
            CODE    05AEH     0005H     UNIT         ?PR?RF_MOTOR_BACK?WHEEL
            CODE    05B3H     0005H     UNIT         ?PR?LR_MOTOR_GO?WHEEL
            CODE    05B8H     0005H     UNIT         ?PR?LR_MOTOR_STOP?WHEEL
            CODE    05BDH     0005H     UNIT         ?PR?LR_MOTOR_BACK?WHEEL
            CODE    05C2H     0005H     UNIT         ?PR?RR_MOTOR_GO?WHEEL
            CODE    05C7H     0005H     UNIT         ?PR?RR_MOTOR_STOP?WHEEL
            CODE    05CCH     0005H     UNIT         ?PR?RR_MOTOR_BACK?WHEEL



OVERLAY MAP OF MODULE:   .\Objects\USER (MAIN)


SEGMENT
  +--> CALLED SEGMENT
---------------------
?C_C51STARTUP
  +--> ?PR?MAIN?MAIN
  +--> ?C_INITSEG

?PR?MAIN?MAIN
  +--> ?PR?TIMER_INIT?RUN
  +--> ?PR?CAR_GO?RUN
  +--> ?PR?_DELAY?DELAY
  +--> ?PR?SONAR?SONAR

?PR?CAR_GO?RUN
  +--> ?PR?LF_MOTOR_GO?WHEEL
  +--> ?PR?RF_MOTOR_GO?WHEEL
  +--> ?PR?LR_MOTOR_GO?WHEEL
  +--> ?PR?RR_MOTOR_GO?WHEEL

?PR?SONAR?SONAR
  +--> ?PR?DELAY20US?SONAR
  +--> ?PR?CAR_STOP?RUN
  +--> ?PR?_DELAY?DELAY
  +--> ?PR?CAR_RIGHTSTOP?RUN
  +--> ?PR?CAR_LEFTSTOP?RUN

?PR?CAR_STOP?RUN
  +--> ?PR?LF_MOTOR_STOP?WHEEL
  +--> ?PR?RF_MOTOR_STOP?WHEEL
  +--> ?PR?LR_MOTOR_STOP?WHEEL
  +--> ?PR?RR_MOTOR_STOP?WHEEL

?PR?CAR_RIGHTSTOP?RUN
  +--> ?PR?LF_MOTOR_BACK?WHEEL
  +--> ?PR?RF_MOTOR_GO?WHEEL
  +--> ?PR?LR_MOTOR_BACK?WHEEL
  +--> ?PR?RR_MOTOR_GO?WHEEL

?PR?CAR_LEFTSTOP?RUN
BL51 BANKED LINKER/LOCATER V6.22                                                      03/27/2022  11:06:07  PAGE 3


  +--> ?PR?LF_MOTOR_GO?WHEEL
  +--> ?PR?RF_MOTOR_BACK?WHEEL
  +--> ?PR?LR_MOTOR_GO?WHEEL
  +--> ?PR?RR_MOTOR_BACK?WHEEL



SYMBOL TABLE OF MODULE:  .\Objects\USER (MAIN)

  VALUE           TYPE          NAME
  ----------------------------------

  -------         MODULE        MAIN
  C:0000H         SYMBOL        _ICE_DUMMY_
  C:04EFH         PUBLIC        main
  -------         PROC          MAIN
  C:04EFH         LINE#         5
  C:04EFH         LINE#         6
  C:04EFH         LINE#         7
  C:04F2H         LINE#         9
  C:04F2H         LINE#         10
  C:04F2H         LINE#         11
  C:04F5H         LINE#         12
  C:04FCH         LINE#         13
  C:04FFH         LINE#         14
  -------         ENDPROC       MAIN
  -------         ENDMOD        MAIN

  -------         MODULE        WHEEL
  C:0000H         SYMBOL        _ICE_DUMMY_
  D:0080H         PUBLIC        P0
  D:00B0H         PUBLIC        P3
  C:059FH         PUBLIC        LF_motor_back
  C:05AEH         PUBLIC        RF_motor_back
  C:05BDH         PUBLIC        LR_motor_back
  C:05CCH         PUBLIC        RR_motor_back
  C:059AH         PUBLIC        LF_motor_stop
  C:05A9H         PUBLIC        RF_motor_stop
  C:05B8H         PUBLIC        LR_motor_stop
  C:0595H         PUBLIC        LF_motor_go
  C:05C7H         PUBLIC        RR_motor_stop
  C:05A4H         PUBLIC        RF_motor_go
  C:05B3H         PUBLIC        LR_motor_go
  C:05C2H         PUBLIC        RR_motor_go
  B:0080H.5       PUBLIC        IN11
  B:00B0H.5       PUBLIC        IN21
  B:0080H.6       PUBLIC        IN12
  B:00B0H.6       PUBLIC        IN22
  B:0080H.3       PUBLIC        IN13
  B:00B0H.3       PUBLIC        IN23
  B:0080H.4       PUBLIC        IN14
  B:00B0H.4       PUBLIC        IN24
  -------         PROC          LF_MOTOR_GO
  C:0595H         LINE#         19
  C:0595H         LINE#         20
  -------         ENDPROC       LF_MOTOR_GO
  -------         PROC          LF_MOTOR_STOP
BL51 BANKED LINKER/LOCATER V6.22                                                      03/27/2022  11:06:07  PAGE 4


  C:059AH         LINE#         21
  C:059AH         LINE#         22
  -------         ENDPROC       LF_MOTOR_STOP
  -------         PROC          LF_MOTOR_BACK
  C:059FH         LINE#         23
  C:059FH         LINE#         24
  -------         ENDPROC       LF_MOTOR_BACK
  -------         PROC          RF_MOTOR_GO
  C:05A4H         LINE#         25
  C:05A4H         LINE#         26
  -------         ENDPROC       RF_MOTOR_GO
  -------         PROC          RF_MOTOR_STOP
  C:05A9H         LINE#         27
  C:05A9H         LINE#         28
  -------         ENDPROC       RF_MOTOR_STOP
  -------         PROC          RF_MOTOR_BACK
  C:05AEH         LINE#         29
  C:05AEH         LINE#         30
  -------         ENDPROC       RF_MOTOR_BACK
  -------         PROC          LR_MOTOR_GO
  C:05B3H         LINE#         31
  C:05B3H         LINE#         32
  -------         ENDPROC       LR_MOTOR_GO
  -------         PROC          LR_MOTOR_STOP
  C:05B8H         LINE#         33
  C:05B8H         LINE#         34
  -------         ENDPROC       LR_MOTOR_STOP
  -------         PROC          LR_MOTOR_BACK
  C:05BDH         LINE#         35
  C:05BDH         LINE#         36
  -------         ENDPROC       LR_MOTOR_BACK
  -------         PROC          RR_MOTOR_GO
  C:05C2H         LINE#         37
  C:05C2H         LINE#         38
  -------         ENDPROC       RR_MOTOR_GO
  -------         PROC          RR_MOTOR_STOP
  C:05C7H         LINE#         39
  C:05C7H         LINE#         40
  -------         ENDPROC       RR_MOTOR_STOP
  -------         PROC          RR_MOTOR_BACK
  C:05CCH         LINE#         41
  C:05CCH         LINE#         42
  -------         ENDPROC       RR_MOTOR_BACK
  -------         ENDMOD        WHEEL

  -------         MODULE        RUN
  C:0000H         SYMBOL        _ICE_DUMMY_
  C:0492H         PUBLIC        Timer0_Routine
  D:0080H         PUBLIC        P0
  C:0579H         PUBLIC        car_rightstop
  D:00B0H         PUBLIC        P3
  B:0080H.7       PUBLIC        EN1A
  B:00A8H.7       PUBLIC        EA
  B:00B0H.7       PUBLIC        EN2A
  B:0080H.2       PUBLIC        EN1B
  B:00B0H.2       PUBLIC        EN2B
  C:056AH         PUBLIC        car_leftstop
BL51 BANKED LINKER/LOCATER V6.22                                                      03/27/2022  11:06:07  PAGE 5


  C:052EH         PUBLIC        car_rightgo
  D:0014H         PUBLIC        speed
  C:053DH         PUBLIC        car_leftgo
  C:0510H         PUBLIC        car_back
  D:0089H         PUBLIC        TMOD
  D:0015H         PUBLIC        counter1
  B:00A8H.1       PUBLIC        ET0
  B:0088H.5       PUBLIC        TF0
  D:008CH         PUBLIC        TH0
  C:054CH         PUBLIC        car_rightback
  D:008AH         PUBLIC        TL0
  B:00B8H.1       PUBLIC        PT0
  B:0088H.4       PUBLIC        TR0
  C:055BH         PUBLIC        car_leftback
  C:051FH         PUBLIC        car_stop
  C:0501H         PUBLIC        car_go
  C:04DBH         PUBLIC        Timer_Init
  -------         PROC          TIMER_INIT
  C:04DBH         LINE#         15
  C:04DBH         LINE#         16
  C:04DBH         LINE#         17
  C:04DEH         LINE#         18
  C:04E1H         LINE#         19
  C:04E4H         LINE#         20
  C:04E6H         LINE#         21
  C:04E8H         LINE#         22
  C:04EAH         LINE#         23
  C:04ECH         LINE#         24
  C:04EEH         LINE#         25
  -------         ENDPROC       TIMER_INIT
  -------         PROC          TIMER0_ROUTINE
  C:0492H         LINE#         27
  C:0496H         LINE#         29
  C:0499H         LINE#         30
  C:049CH         LINE#         32
  C:049EH         LINE#         33
  C:04A5H         LINE#         34
  C:04A5H         LINE#         35
  C:04A8H         LINE#         36
  C:04A8H         LINE#         38
  C:04AFH         LINE#         39
  C:04AFH         LINE#         40
  C:04B1H         LINE#         41
  C:04B3H         LINE#         42
  C:04B5H         LINE#         43
  C:04B7H         LINE#         44
  C:04B9H         LINE#         47
  C:04B9H         LINE#         48
  C:04BBH         LINE#         49
  C:04BDH         LINE#         50
  C:04BFH         LINE#         51
  C:04C1H         LINE#         52
  C:04C1H         LINE#         53
  -------         ENDPROC       TIMER0_ROUTINE
  -------         PROC          CAR_GO
  C:0501H         LINE#         57
  C:0501H         LINE#         58
BL51 BANKED LINKER/LOCATER V6.22                                                      03/27/2022  11:06:07  PAGE 6


  C:0501H         LINE#         59
  C:0504H         LINE#         60
  C:0507H         LINE#         61
  C:050AH         LINE#         62
  C:050DH         LINE#         63
  -------         ENDPROC       CAR_GO
  -------         PROC          CAR_BACK
  C:0510H         LINE#         65
  C:0510H         LINE#         66
  C:0510H         LINE#         67
  C:0513H         LINE#         68
  C:0516H         LINE#         69
  C:0519H         LINE#         70
  C:051CH         LINE#         71
  -------         ENDPROC       CAR_BACK
  -------         PROC          CAR_STOP
  C:051FH         LINE#         73
  C:051FH         LINE#         74
  C:051FH         LINE#         75
  C:0522H         LINE#         76
  C:0525H         LINE#         77
  C:0528H         LINE#         78
  C:052BH         LINE#         79
  -------         ENDPROC       CAR_STOP
  -------         PROC          CAR_RIGHTGO
  C:052EH         LINE#         81
  C:052EH         LINE#         82
  C:052EH         LINE#         83
  C:0531H         LINE#         84
  C:0534H         LINE#         85
  C:0537H         LINE#         86
  C:053AH         LINE#         87
  -------         ENDPROC       CAR_RIGHTGO
  -------         PROC          CAR_LEFTGO
  C:053DH         LINE#         89
  C:053DH         LINE#         90
  C:053DH         LINE#         91
  C:0540H         LINE#         92
  C:0543H         LINE#         93
  C:0546H         LINE#         94
  C:0549H         LINE#         95
  -------         ENDPROC       CAR_LEFTGO
  -------         PROC          CAR_RIGHTBACK
  C:054CH         LINE#         97
  C:054CH         LINE#         98
  C:054CH         LINE#         99
  C:054FH         LINE#         100
  C:0552H         LINE#         101
  C:0555H         LINE#         102
  C:0558H         LINE#         103
  -------         ENDPROC       CAR_RIGHTBACK
  -------         PROC          CAR_LEFTBACK
  C:055BH         LINE#         105
  C:055BH         LINE#         106
  C:055BH         LINE#         107
  C:055EH         LINE#         108
  C:0561H         LINE#         109
BL51 BANKED LINKER/LOCATER V6.22                                                      03/27/2022  11:06:07  PAGE 7


  C:0564H         LINE#         110
  C:0567H         LINE#         111
  -------         ENDPROC       CAR_LEFTBACK
  -------         PROC          CAR_LEFTSTOP
  C:056AH         LINE#         113
  C:056AH         LINE#         114
  C:056AH         LINE#         115
  C:056DH         LINE#         116
  C:0570H         LINE#         117
  C:0573H         LINE#         118
  C:0576H         LINE#         119
  -------         ENDPROC       CAR_LEFTSTOP
  -------         PROC          CAR_RIGHTSTOP
  C:0579H         LINE#         121
  C:0579H         LINE#         122
  C:0579H         LINE#         123
  C:057CH         LINE#         124
  C:057FH         LINE#         125
  C:0582H         LINE#         126
  C:0585H         LINE#         127
  -------         ENDPROC       CAR_RIGHTSTOP
  -------         ENDMOD        RUN

  -------         MODULE        DELAY
  C:0000H         SYMBOL        _ICE_DUMMY_
  C:04C6H         PUBLIC        _Delay
  -------         PROC          _DELAY
  D:0006H         SYMBOL        xms
  -------         DO            
  D:0005H         SYMBOL        i
  D:0004H         SYMBOL        j
  -------         ENDDO         
  C:04C6H         LINE#         1
  C:04C6H         LINE#         2
  C:04C6H         LINE#         4
  C:04D0H         LINE#         5
  C:04D0H         LINE#         6
  C:04D2H         LINE#         7
  C:04D4H         LINE#         9
  C:04D4H         LINE#         10
  C:04D6H         LINE#         11
  C:04D8H         LINE#         12
  C:04DAH         LINE#         14
  -------         ENDPROC       _DELAY
  -------         ENDMOD        DELAY

  -------         MODULE        SONAR
  C:0000H         SYMBOL        _ICE_DUMMY_
  D:0008H         PUBLIC        distance1
  D:00A0H         PUBLIC        P2
  D:000AH         PUBLIC        distance2
  D:000CH         PUBLIC        distance3
  B:00A8H.7       PUBLIC        EA
  C:0281H         PUBLIC        sonar
  B:00A0H.1       PUBLIC        Echo1
  B:00A0H.3       PUBLIC        Echo2
  B:00A0H.5       PUBLIC        Echo3
BL51 BANKED LINKER/LOCATER V6.22                                                      03/27/2022  11:06:07  PAGE 8


  D:0089H         PUBLIC        TMOD
  C:0003H         PUBLIC        Delay20us
  B:00A0H.0       PUBLIC        Trig1
  B:00A0H.2       PUBLIC        Trig2
  B:00A0H.4       PUBLIC        Trig3
  D:008DH         PUBLIC        TH1
  D:008BH         PUBLIC        TL1
  D:000EH         PUBLIC        limit1
  D:0010H         PUBLIC        limit2
  D:0012H         PUBLIC        limit3
  B:0088H.6       PUBLIC        TR1
  -------         PROC          DELAY20US
  -------         DO            
  D:0007H         SYMBOL        i
  -------         ENDDO         
  C:0003H         LINE#         20
  C:0003H         LINE#         21
  C:0003H         LINE#         24
  C:0004H         LINE#         25
  C:0006H         LINE#         26
  C:0008H         LINE#         27
  -------         ENDPROC       DELAY20US
  -------         PROC          SONAR
  C:0281H         LINE#         31
  C:0281H         LINE#         32
  C:0281H         LINE#         33
  C:0284H         LINE#         34
  C:0287H         LINE#         35
  C:0289H         LINE#         36
  C:028BH         LINE#         40
  C:028DH         LINE#         41
  C:0290H         LINE#         42
  C:0292H         LINE#         43
  C:0295H         LINE#         44
  C:0297H         LINE#         45
  C:029AH         LINE#         46
  C:029AH         LINE#         47
  C:029CH         LINE#         48
  C:02C9H         LINE#         49
  C:02CCH         LINE#         50
  C:02CEH         LINE#         51
  C:02CEH         LINE#         54
  C:02D0H         LINE#         55
  C:02D3H         LINE#         56
  C:02D5H         LINE#         57
  C:02D8H         LINE#         58
  C:02DAH         LINE#         59
  C:02DDH         LINE#         60
  C:02DDH         LINE#         61
  C:02DFH         LINE#         62
  C:030CH         LINE#         63
  C:030FH         LINE#         64
  C:0311H         LINE#         65
  C:0311H         LINE#         68
  C:0313H         LINE#         69
  C:0316H         LINE#         70
  C:0318H         LINE#         71
BL51 BANKED LINKER/LOCATER V6.22                                                      03/27/2022  11:06:07  PAGE 9


  C:031BH         LINE#         72
  C:031DH         LINE#         73
  C:0320H         LINE#         74
  C:0320H         LINE#         75
  C:0322H         LINE#         76
  C:034FH         LINE#         77
  C:0352H         LINE#         78
  C:0354H         LINE#         79
  C:0354H         LINE#         83
  C:035FH         LINE#         84
  C:035FH         LINE#         85
  C:036AH         LINE#         86
  C:0388H         LINE#         87
  C:0393H         LINE#         88
  C:03A9H         LINE#         90
  C:03B3H         LINE#         91
  C:03B3H         LINE#         92
  C:03BEH         LINE#         93
  C:03DCH         LINE#         94
  C:03E7H         LINE#         95
  C:0405H         LINE#         96
  -------         ENDPROC       SONAR
  -------         ENDMOD        SONAR

  -------         MODULE        ?C?FPMUL
  C:000EH         PUBLIC        ?C?FPMUL
  -------         ENDMOD        ?C?FPMUL

  -------         MODULE        ?C?FPDIV
  C:0117H         PUBLIC        ?C?FPDIV
  -------         ENDMOD        ?C?FPDIV

  -------         MODULE        ?C?FCAST
  C:01BEH         PUBLIC        ?C?FCASTC
  C:01B9H         PUBLIC        ?C?FCASTI
  C:01B4H         PUBLIC        ?C?FCASTL
  -------         ENDMOD        ?C?FCAST

  -------         MODULE        ?C?CASTF
  C:01F2H         PUBLIC        ?C?CASTF
  -------         ENDMOD        ?C?CASTF

  -------         MODULE        ?C?LNEG
  C:0273H         PUBLIC        ?C?LNEG
  -------         ENDMOD        ?C?LNEG

Program Size: data=23.0 xdata=0 code=1487
LINK/LOCATE RUN COMPLETE.  0 WARNING(S),  0 ERROR(S)
